Component: ARM Compiler 5.06 update 7 (build 960) Tool: armlink [4d3601]

==============================================================================

Section Cross References

    usart.o(i.Drv_usart0_SendByte) refers to gd32f4xx_usart.o(i.usart_data_transmit) for usart_data_transmit
    usart.o(i.Drv_usart0_SendByte) refers to gd32f4xx_usart.o(i.usart_flag_get) for usart_flag_get
    usart.o(i.Usart_Init) refers to usart.o(i.usart_gpio_init) for usart_gpio_init
    usart.o(i.Usart_Init) refers to usart.o(i.usart_config) for usart_config
    usart.o(i.fputc) refers to usart.o(i.Drv_usart0_SendByte) for Drv_usart0_SendByte
    usart.o(i.usart_config) refers to gd32f4xx_usart.o(i.usart_deinit) for usart_deinit
    usart.o(i.usart_config) refers to gd32f4xx_usart.o(i.usart_baudrate_set) for usart_baudrate_set
    usart.o(i.usart_config) refers to gd32f4xx_usart.o(i.usart_receive_config) for usart_receive_config
    usart.o(i.usart_config) refers to gd32f4xx_usart.o(i.usart_transmit_config) for usart_transmit_config
    usart.o(i.usart_config) refers to gd32f4xx_usart.o(i.usart_enable) for usart_enable
    usart.o(i.usart_gpio_init) refers to gd32f4xx_rcu.o(i.rcu_periph_clock_enable) for rcu_periph_clock_enable
    usart.o(i.usart_gpio_init) refers to gd32f4xx_gpio.o(i.gpio_af_set) for gpio_af_set
    usart.o(i.usart_gpio_init) refers to gd32f4xx_gpio.o(i.gpio_mode_set) for gpio_mode_set
    usart.o(i.usart_gpio_init) refers to gd32f4xx_gpio.o(i.gpio_output_options_set) for gpio_output_options_set
    main.o(i.Debug_Task) refers to printfb.o(i.__0printf$bare) for __2printf
    main.o(i.Debug_Task) refers to tasks.o(i.vTaskDelay) for vTaskDelay
    main.o(i.RTOS_Init) refers to port.o(i.vPortEnterCritical) for vPortEnterCritical
    main.o(i.RTOS_Init) refers to tasks.o(i.xTaskCreate) for xTaskCreate
    main.o(i.RTOS_Init) refers to port.o(i.vPortExitCritical) for vPortExitCritical
    main.o(i.RTOS_Init) refers to tasks.o(i.vTaskStartScheduler) for vTaskStartScheduler
    main.o(i.RTOS_Init) refers to main.o(.data) for Debug_Task_Handler
    main.o(i.RTOS_Init) refers to main.o(i.Debug_Task) for Debug_Task
    main.o(i.System_Init) refers to usart.o(i.Usart_Init) for Usart_Init
    main.o(i.main) refers to main.o(i.System_Init) for System_Init
    main.o(i.main) refers to main.o(i.RTOS_Init) for RTOS_Init
    systick.o(i.TaskDelay_GetTick) refers to systick.o(.data) for SysTickMs
    systick.o(i.delay_increment) refers to systick.o(.data) for SysTickMs
    systick.o(i.systick_init) refers to systick.o(i.NVIC_SetPriority) for NVIC_SetPriority
    systick.o(i.systick_init) refers to gd32f4xx_misc.o(i.nvic_priority_group_set) for nvic_priority_group_set
    systick.o(i.systick_init) refers to systick.o(i.delay_timer_init) for delay_timer_init
    systick.o(i.systick_init) refers to system_gd32f4xx.o(.data) for SystemCoreClock
    gd32f4xx_it.o(i.SysTick_Handler) refers to port.o(i.xPortSysTickHandler) for xPortSysTickHandler
    system_gd32f4xx.o(i.SystemCoreClockUpdate) refers to system_gd32f4xx.o(.data) for SystemCoreClock
    system_gd32f4xx.o(i.SystemInit) refers to system_gd32f4xx.o(i.system_clock_config) for system_clock_config
    system_gd32f4xx.o(i.system_clock_config) refers to system_gd32f4xx.o(i.system_clock_240m_8m_hxtal) for system_clock_240m_8m_hxtal
    startup_gd32f450_470.o(RESET) refers to startup_gd32f450_470.o(STACK) for __initial_sp
    startup_gd32f450_470.o(RESET) refers to startup_gd32f450_470.o(.text) for Reset_Handler
    startup_gd32f450_470.o(RESET) refers to gd32f4xx_it.o(i.NMI_Handler) for NMI_Handler
    startup_gd32f450_470.o(RESET) refers to gd32f4xx_it.o(i.HardFault_Handler) for HardFault_Handler
    startup_gd32f450_470.o(RESET) refers to gd32f4xx_it.o(i.MemManage_Handler) for MemManage_Handler
    startup_gd32f450_470.o(RESET) refers to gd32f4xx_it.o(i.BusFault_Handler) for BusFault_Handler
    startup_gd32f450_470.o(RESET) refers to gd32f4xx_it.o(i.UsageFault_Handler) for UsageFault_Handler
    startup_gd32f450_470.o(RESET) refers to port.o(.emb_text) for SVC_Handler
    startup_gd32f450_470.o(RESET) refers to gd32f4xx_it.o(i.DebugMon_Handler) for DebugMon_Handler
    startup_gd32f450_470.o(RESET) refers to gd32f4xx_it.o(i.SysTick_Handler) for SysTick_Handler
    startup_gd32f450_470.o(.text) refers to system_gd32f4xx.o(i.SystemInit) for SystemInit
    startup_gd32f450_470.o(.text) refers to entry.o(.ARM.Collect$$$$00000000) for __main
    gd32f4xx_adc.o(i.adc_deinit) refers to gd32f4xx_rcu.o(i.rcu_periph_reset_enable) for rcu_periph_reset_enable
    gd32f4xx_adc.o(i.adc_deinit) refers to gd32f4xx_rcu.o(i.rcu_periph_reset_disable) for rcu_periph_reset_disable
    gd32f4xx_can.o(i.can_debug_freeze_disable) refers to gd32f4xx_dbg.o(i.dbg_periph_disable) for dbg_periph_disable
    gd32f4xx_can.o(i.can_debug_freeze_enable) refers to gd32f4xx_dbg.o(i.dbg_periph_enable) for dbg_periph_enable
[...]
    Removing gd32f4xx_misc.o(.rev16_text), (4 bytes).
    Removing gd32f4xx_misc.o(.revsh_text), (4 bytes).
    Removing gd32f4xx_misc.o(i.nvic_irq_disable), (24 bytes).
    Removing gd32f4xx_misc.o(i.nvic_irq_enable), (196 bytes).
    Removing gd32f4xx_misc.o(i.nvic_priority_group_set), (20 bytes).
    Removing gd32f4xx_misc.o(i.nvic_vector_table_set), (24 bytes).
    Removing gd32f4xx_misc.o(i.system_lowpower_reset), (16 bytes).
    Removing gd32f4xx_misc.o(i.system_lowpower_set), (16 bytes).
    Removing gd32f4xx_misc.o(i.systick_clksource_set), (40 bytes).
    Removing gd32f4xx_pmu.o(.rev16_text), (4 bytes).
    Removing gd32f4xx_pmu.o(.revsh_text), (4 bytes).
    Removing gd32f4xx_pmu.o(i.pmu_backup_ldo_config), (28 bytes).
    Removing gd32f4xx_pmu.o(i.pmu_backup_write_disable), (20 bytes).
    Removing gd32f4xx_pmu.o(i.pmu_backup_write_enable), (20 bytes).
    Removing gd32f4xx_pmu.o(i.pmu_deinit), (20 bytes).
    Removing gd32f4xx_pmu.o(i.pmu_flag_clear), (48 bytes).
    Removing gd32f4xx_pmu.o(i.pmu_flag_get), (24 bytes).
    Removing gd32f4xx_pmu.o(i.pmu_highdriver_mode_disable), (20 bytes).
    Removing gd32f4xx_pmu.o(i.pmu_highdriver_mode_enable), (20 bytes).
    Removing gd32f4xx_pmu.o(i.pmu_highdriver_switch_select), (44 bytes).
    Removing gd32f4xx_pmu.o(i.pmu_ldo_output_select), (28 bytes).
    Removing gd32f4xx_pmu.o(i.pmu_lowdriver_mode_disable), (20 bytes).
    Removing gd32f4xx_pmu.o(i.pmu_lowdriver_mode_enable), (20 bytes).
    Removing gd32f4xx_pmu.o(i.pmu_lowpower_driver_config), (28 bytes).
    Removing gd32f4xx_pmu.o(i.pmu_lvd_disable), (20 bytes).
    Removing gd32f4xx_pmu.o(i.pmu_lvd_select), (48 bytes).
    Removing gd32f4xx_pmu.o(i.pmu_normalpower_driver_config), (28 bytes).
    Removing gd32f4xx_pmu.o(i.pmu_to_deepsleepmode), (244 bytes).
    Removing gd32f4xx_pmu.o(i.pmu_to_sleepmode), (28 bytes).
    Removing gd32f4xx_pmu.o(i.pmu_to_standbymode), (108 bytes).
    Removing gd32f4xx_pmu.o(i.pmu_wakeup_pin_disable), (20 bytes).
    Removing gd32f4xx_pmu.o(i.pmu_wakeup_pin_enable), (20 bytes).
    Removing gd32f4xx_pmu.o(.bss), (16 bytes).
    Removing gd32f4xx_rcu.o(.rev16_text), (4 bytes).
    Removing gd32f4xx_rcu.o(.revsh_text), (4 bytes).
    Removing gd32f4xx_rcu.o(i.rcu_ahb_clock_config), (24 bytes).
    Removing gd32f4xx_rcu.o(i.rcu_all_reset_flag_clear), (20 bytes).
    Removing gd32f4xx_rcu.o(i.rcu_apb1_clock_config), (24 bytes).
    Removing gd32f4xx_rcu.o(i.rcu_apb2_clock_config), (24 bytes).
    Removing gd32f4xx_rcu.o(i.rcu_bkp_reset_disable), (20 bytes).
    Removing gd32f4xx_rcu.o(i.rcu_bkp_reset_enable), (20 bytes).
    Removing gd32f4xx_rcu.o(i.rcu_ck48m_clock_config), (24 bytes).
    Removing gd32f4xx_rcu.o(i.rcu_ckout0_config), (28 bytes).
    Removing gd32f4xx_rcu.o(i.rcu_ckout1_config), (28 bytes).
    Removing gd32f4xx_rcu.o(i.rcu_deepsleep_voltage_set), (16 bytes).
    Removing gd32f4xx_rcu.o(i.rcu_deinit), (140 bytes).
    Removing gd32f4xx_rcu.o(i.rcu_flag_get), (36 bytes).
    Removing gd32f4xx_rcu.o(i.rcu_hxtal_clock_monitor_disable), (20 bytes).
    Removing gd32f4xx_rcu.o(i.rcu_hxtal_clock_monitor_enable), (20 bytes).
    Removing gd32f4xx_rcu.o(i.rcu_i2s_clock_config), (24 bytes).
    Removing gd32f4xx_rcu.o(i.rcu_interrupt_disable), (36 bytes).
    Removing gd32f4xx_rcu.o(i.rcu_interrupt_enable), (36 bytes).
    Removing gd32f4xx_rcu.o(i.rcu_interrupt_flag_clear), (36 bytes).
    Removing gd32f4xx_rcu.o(i.rcu_interrupt_flag_get), (36 bytes).
    Removing gd32f4xx_rcu.o(i.rcu_irc16m_adjust_value_set), (28 bytes).
    Removing gd32f4xx_rcu.o(i.rcu_lxtal_drive_capability_config), (24 bytes).
    Removing gd32f4xx_rcu.o(i.rcu_osci_bypass_mode_disable), (116 bytes).
    Removing gd32f4xx_rcu.o(i.rcu_osci_bypass_mode_enable), (116 bytes).
    Removing gd32f4xx_rcu.o(i.rcu_osci_off), (36 bytes).
    Removing gd32f4xx_rcu.o(i.rcu_osci_on), (36 bytes).
    Removing gd32f4xx_rcu.o(i.rcu_osci_stab_wait), (348 bytes).
    Removing gd32f4xx_rcu.o(i.rcu_periph_clock_disable), (36 bytes).
    Removing gd32f4xx_rcu.o(i.rcu_periph_clock_sleep_disable), (36 bytes).
    Removing gd32f4xx_rcu.o(i.rcu_periph_clock_sleep_enable), (36 bytes).
    Removing gd32f4xx_rcu.o(i.rcu_pll48m_clock_config), (24 bytes).
    Removing gd32f4xx_rcu.o(i.rcu_pll_config), (132 bytes).
    Removing gd32f4xx_rcu.o(i.rcu_plli2s_config), (44 bytes).
    Removing gd32f4xx_rcu.o(i.rcu_pllsai_config), (72 bytes).
    Removing gd32f4xx_rcu.o(i.rcu_rtc_clock_config), (24 bytes).
    Removing gd32f4xx_rcu.o(i.rcu_rtc_div_config), (24 bytes).
    Removing gd32f4xx_rcu.o(i.rcu_spread_spectrum_config), (32 bytes).
    Removing gd32f4xx_rcu.o(i.rcu_spread_spectrum_disable), (20 bytes).
    Removing gd32f4xx_rcu.o(i.rcu_spread_spectrum_enable), (20 bytes).
    Removing gd32f4xx_rcu.o(i.rcu_system_clock_source_config), (24 bytes).
    Removing gd32f4xx_rcu.o(i.rcu_system_clock_source_get), (16 bytes).
    Removing gd32f4xx_rcu.o(i.rcu_timer_clock_prescaler_config), (36 bytes).
    Removing gd32f4xx_rcu.o(i.rcu_tli_clock_div_config), (24 bytes).
    Removing gd32f4xx_rcu.o(i.rcu_voltage_key_unlock), (16 bytes).
    Removing gd32f4xx_rtc.o(.rev16_text), (4 bytes).
    Removing gd32f4xx_rtc.o(.revsh_text), (4 bytes).
    Removing gd32f4xx_rtc.o(i.rtc_alarm_config), (100 bytes).
    Removing gd32f4xx_rtc.o(i.rtc_alarm_disable), (128 bytes).
    Removing gd32f4xx_rtc.o(i.rtc_alarm_enable), (60 bytes).
    Removing gd32f4xx_rtc.o(i.rtc_alarm_get), (68 bytes).
    Removing gd32f4xx_rtc.o(i.rtc_alarm_output_config), (84 bytes).
    Removing gd32f4xx_rtc.o(i.rtc_alarm_subsecond_config), (52 bytes).
    Removing gd32f4xx_rtc.o(i.rtc_alarm_subsecond_get), (32 bytes).
    Removing gd32f4xx_rtc.o(i.rtc_bypass_shadow_disable), (40 bytes).
    Removing gd32f4xx_rtc.o(i.rtc_bypass_shadow_enable), (40 bytes).
    Removing gd32f4xx_rtc.o(i.rtc_calibration_output_config), (48 bytes).
    Removing gd32f4xx_rtc.o(i.rtc_coarse_calibration_config), (116 bytes).
    Removing gd32f4xx_rtc.o(i.rtc_coarse_calibration_disable), (56 bytes).
    Removing gd32f4xx_rtc.o(i.rtc_coarse_calibration_enable), (56 bytes).
    Removing gd32f4xx_rtc.o(i.rtc_current_time_get), (100 bytes).
    Removing gd32f4xx_rtc.o(i.rtc_deinit), (204 bytes).
    Removing gd32f4xx_rtc.o(i.rtc_flag_clear), (16 bytes).
    Removing gd32f4xx_rtc.o(i.rtc_flag_get), (20 bytes).
    Removing gd32f4xx_rtc.o(i.rtc_hour_adjust), (36 bytes).
    Removing gd32f4xx_rtc.o(i.rtc_init), (220 bytes).
    Removing gd32f4xx_rtc.o(i.rtc_init_mode_enter), (72 bytes).
    Removing gd32f4xx_rtc.o(i.rtc_init_mode_exit), (20 bytes).
    Removing gd32f4xx_rtc.o(i.rtc_interrupt_disable), (60 bytes).
    Removing gd32f4xx_rtc.o(i.rtc_interrupt_enable), (60 bytes).
    Removing gd32f4xx_rtc.o(i.rtc_refclock_detection_disable), (56 bytes).
    Removing gd32f4xx_rtc.o(i.rtc_refclock_detection_enable), (56 bytes).
    Removing gd32f4xx_rtc.o(i.rtc_register_sync_wait), (96 bytes).
    Removing gd32f4xx_rtc.o(i.rtc_second_adjust), (108 bytes).
    Removing gd32f4xx_rtc.o(i.rtc_smooth_calibration_config), (80 bytes).
    Removing gd32f4xx_rtc.o(i.rtc_subsecond_get), (20 bytes).
    Removing gd32f4xx_rtc.o(i.rtc_tamper0_pin_map), (28 bytes).
    Removing gd32f4xx_rtc.o(i.rtc_tamper_disable), (16 bytes).
    Removing gd32f4xx_rtc.o(i.rtc_tamper_enable), (200 bytes).
    Removing gd32f4xx_rtc.o(i.rtc_timestamp_disable), (40 bytes).
    Removing gd32f4xx_rtc.o(i.rtc_timestamp_enable), (48 bytes).
    Removing gd32f4xx_rtc.o(i.rtc_timestamp_get), (60 bytes).
    Removing gd32f4xx_rtc.o(i.rtc_timestamp_pin_map), (28 bytes).
    Removing gd32f4xx_rtc.o(i.rtc_timestamp_subsecond_get), (12 bytes).
    Removing gd32f4xx_rtc.o(i.rtc_wakeup_clock_set), (92 bytes).
    Removing gd32f4xx_rtc.o(i.rtc_wakeup_disable), (84 bytes).
    Removing gd32f4xx_rtc.o(i.rtc_wakeup_enable), (40 bytes).
    Removing gd32f4xx_rtc.o(i.rtc_wakeup_timer_get), (12 bytes).
    Removing gd32f4xx_rtc.o(i.rtc_wakeup_timer_set), (76 bytes).
    Removing gd32f4xx_sdio.o(.rev16_text), (4 bytes).
    Removing gd32f4xx_sdio.o(.revsh_text), (4 bytes).
    Removing gd32f4xx_sdio.o(i.sdio_bus_mode_set), (28 bytes).
    Removing gd32f4xx_sdio.o(i.sdio_ceata_command_completion_disable), (20 bytes).
    Removing gd32f4xx_sdio.o(i.sdio_ceata_command_completion_enable), (20 bytes).
    Removing gd32f4xx_sdio.o(i.sdio_ceata_command_disable), (20 bytes).
    Removing gd32f4xx_sdio.o(i.sdio_ceata_command_enable), (20 bytes).
    Removing gd32f4xx_sdio.o(i.sdio_ceata_interrupt_disable), (20 bytes).
    Removing gd32f4xx_sdio.o(i.sdio_ceata_interrupt_enable), (20 bytes).
    Removing gd32f4xx_sdio.o(i.sdio_clock_config), (52 bytes).
    Removing gd32f4xx_sdio.o(i.sdio_clock_disable), (20 bytes).
    Removing gd32f4xx_sdio.o(i.sdio_clock_enable), (20 bytes).
    Removing gd32f4xx_sdio.o(i.sdio_command_index_get), (12 bytes).
    Removing gd32f4xx_sdio.o(i.sdio_command_response_config), (56 bytes).
    Removing gd32f4xx_sdio.o(i.sdio_csm_disable), (20 bytes).
    Removing gd32f4xx_sdio.o(i.sdio_csm_enable), (20 bytes).
    Removing gd32f4xx_sdio.o(i.sdio_data_config), (60 bytes).
    Removing gd32f4xx_sdio.o(i.sdio_data_counter_get), (12 bytes).
    Removing gd32f4xx_sdio.o(i.sdio_data_read), (12 bytes).
    Removing gd32f4xx_sdio.o(i.sdio_data_transfer_config), (28 bytes).
    Removing gd32f4xx_sdio.o(i.sdio_data_write), (12 bytes).
    Removing gd32f4xx_sdio.o(i.sdio_deinit), (20 bytes).
    Removing gd32f4xx_sdio.o(i.sdio_dma_disable), (20 bytes).
    Removing gd32f4xx_sdio.o(i.sdio_dma_enable), (20 bytes).
    Removing gd32f4xx_sdio.o(i.sdio_dsm_disable), (20 bytes).
    Removing gd32f4xx_sdio.o(i.sdio_dsm_enable), (20 bytes).
    Removing gd32f4xx_sdio.o(i.sdio_fifo_counter_get), (12 bytes).
    Removing gd32f4xx_sdio.o(i.sdio_flag_clear), (12 bytes).
    Removing gd32f4xx_sdio.o(i.sdio_flag_get), (20 bytes).
    Removing gd32f4xx_sdio.o(i.sdio_hardware_clock_disable), (20 bytes).
    Removing gd32f4xx_sdio.o(i.sdio_hardware_clock_enable), (20 bytes).
    Removing gd32f4xx_sdio.o(i.sdio_interrupt_disable), (16 bytes).
    Removing gd32f4xx_sdio.o(i.sdio_interrupt_enable), (16 bytes).
    Removing gd32f4xx_sdio.o(i.sdio_interrupt_flag_clear), (12 bytes).
    Removing gd32f4xx_sdio.o(i.sdio_interrupt_flag_get), (20 bytes).
    Removing gd32f4xx_sdio.o(i.sdio_operation_disable), (20 bytes).
    Removing gd32f4xx_sdio.o(i.sdio_operation_enable), (20 bytes).
    Removing gd32f4xx_sdio.o(i.sdio_power_state_get), (12 bytes).
    Removing gd32f4xx_sdio.o(i.sdio_power_state_set), (12 bytes).
    Removing gd32f4xx_sdio.o(i.sdio_readwait_disable), (20 bytes).
    Removing gd32f4xx_sdio.o(i.sdio_readwait_enable), (20 bytes).
    Removing gd32f4xx_sdio.o(i.sdio_readwait_type_set), (40 bytes).
    Removing gd32f4xx_sdio.o(i.sdio_response_get), (60 bytes).
    Removing gd32f4xx_sdio.o(i.sdio_stop_readwait_disable), (20 bytes).
    Removing gd32f4xx_sdio.o(i.sdio_stop_readwait_enable), (20 bytes).
    Removing gd32f4xx_sdio.o(i.sdio_suspend_disable), (20 bytes).
    Removing gd32f4xx_sdio.o(i.sdio_suspend_enable), (20 bytes).
    Removing gd32f4xx_sdio.o(i.sdio_wait_type_set), (28 bytes).
    Removing gd32f4xx_spi.o(.rev16_text), (4 bytes).
    Removing gd32f4xx_spi.o(.revsh_text), (4 bytes).
    Removing gd32f4xx_spi.o(i.i2s_disable), (10 bytes).
    Removing gd32f4xx_spi.o(i.i2s_enable), (10 bytes).
    Removing gd32f4xx_spi.o(i.i2s_full_duplex_mode_config), (48 bytes).
    Removing gd32f4xx_spi.o(i.i2s_init), (28 bytes).
    Removing gd32f4xx_spi.o(i.i2s_psc_config), (292 bytes).
    Removing gd32f4xx_spi.o(i.spi_bidirectional_transfer_config), (26 bytes).
    Removing gd32f4xx_spi.o(i.spi_crc_error_clear), (8 bytes).
    Removing gd32f4xx_spi.o(i.spi_crc_get), (16 bytes).
    Removing gd32f4xx_spi.o(i.spi_crc_next), (10 bytes).
    Removing gd32f4xx_spi.o(i.spi_crc_off), (10 bytes).
    Removing gd32f4xx_spi.o(i.spi_crc_on), (10 bytes).
    Removing gd32f4xx_spi.o(i.spi_crc_polynomial_get), (8 bytes).
    Removing gd32f4xx_spi.o(i.spi_crc_polynomial_set), (4 bytes).
    Removing gd32f4xx_spi.o(i.spi_disable), (10 bytes).
    Removing gd32f4xx_spi.o(i.spi_dma_disable), (22 bytes).
    Removing gd32f4xx_spi.o(i.spi_dma_enable), (22 bytes).
    Removing gd32f4xx_spi.o(i.spi_enable), (10 bytes).
    Removing gd32f4xx_spi.o(i.spi_i2s_data_frame_format_config), (16 bytes).
    Removing gd32f4xx_spi.o(i.spi_i2s_data_receive), (8 bytes).
    Removing gd32f4xx_spi.o(i.spi_i2s_data_transmit), (4 bytes).
    Removing gd32f4xx_spi.o(i.spi_i2s_deinit), (172 bytes).
    Removing gd32f4xx_spi.o(i.spi_i2s_flag_get), (16 bytes).
    Removing gd32f4xx_spi.o(i.spi_i2s_format_error_clear), (6 bytes).
    Removing gd32f4xx_spi.o(i.spi_i2s_interrupt_disable), (48 bytes).
    Removing gd32f4xx_spi.o(i.spi_i2s_interrupt_enable), (48 bytes).
    Removing gd32f4xx_spi.o(i.spi_i2s_interrupt_flag_get), (112 bytes).
    Removing gd32f4xx_spi.o(i.spi_init), (50 bytes).
    Removing gd32f4xx_spi.o(i.spi_nss_internal_high), (10 bytes).
    Removing gd32f4xx_spi.o(i.spi_nss_internal_low), (10 bytes).
    Removing gd32f4xx_spi.o(i.spi_nss_output_disable), (10 bytes).
    Removing gd32f4xx_spi.o(i.spi_nss_output_enable), (10 bytes).
    Removing gd32f4xx_spi.o(i.spi_quad_disable), (14 bytes).
    Removing gd32f4xx_spi.o(i.spi_quad_enable), (14 bytes).
    Removing gd32f4xx_spi.o(i.spi_quad_io23_output_disable), (14 bytes).
    Removing gd32f4xx_spi.o(i.spi_quad_io23_output_enable), (14 bytes).
    Removing gd32f4xx_spi.o(i.spi_quad_read_enable), (14 bytes).
    Removing gd32f4xx_spi.o(i.spi_quad_write_enable), (14 bytes).
    Removing gd32f4xx_spi.o(i.spi_struct_para_init), (18 bytes).
    Removing gd32f4xx_spi.o(i.spi_ti_mode_disable), (10 bytes).
    Removing gd32f4xx_spi.o(i.spi_ti_mode_enable), (10 bytes).
    Removing gd32f4xx_syscfg.o(.rev16_text), (4 bytes).
    Removing gd32f4xx_syscfg.o(.revsh_text), (4 bytes).
    Removing gd32f4xx_syscfg.o(i.syscfg_bootmode_config), (28 bytes).
    Removing gd32f4xx_syscfg.o(i.syscfg_compensation_config), (24 bytes).
    Removing gd32f4xx_syscfg.o(i.syscfg_deinit), (20 bytes).
    Removing gd32f4xx_syscfg.o(i.syscfg_enet_phy_interface_config), (24 bytes).
    Removing gd32f4xx_syscfg.o(i.syscfg_exmc_swap_config), (24 bytes).
    Removing gd32f4xx_syscfg.o(i.syscfg_exti_line_config), (172 bytes).
    Removing gd32f4xx_syscfg.o(i.syscfg_flag_get), (24 bytes).
    Removing gd32f4xx_syscfg.o(i.syscfg_fmc_swap_config), (24 bytes).
    Removing gd32f4xx_timer.o(.rev16_text), (4 bytes).
    Removing gd32f4xx_timer.o(.revsh_text), (4 bytes).
    Removing gd32f4xx_timer.o(i.timer_auto_reload_shadow_disable), (10 bytes).
    Removing gd32f4xx_timer.o(i.timer_auto_reload_shadow_enable), (10 bytes).
    Removing gd32f4xx_timer.o(i.timer_automatic_output_disable), (10 bytes).
    Removing gd32f4xx_timer.o(i.timer_automatic_output_enable), (10 bytes).
    Removing gd32f4xx_timer.o(i.timer_autoreload_value_config), (4 bytes).
    Removing gd32f4xx_timer.o(i.timer_break_config), (30 bytes).
    Removing gd32f4xx_timer.o(i.timer_break_disable), (10 bytes).
    Removing gd32f4xx_timer.o(i.timer_break_enable), (10 bytes).
    Removing gd32f4xx_timer.o(i.timer_break_struct_para_init), (18 bytes).
    Removing gd32f4xx_timer.o(i.timer_channel_capture_value_register_read), (42 bytes).
    Removing gd32f4xx_timer.o(i.timer_channel_complementary_output_polarity_config), (70 bytes).
    Removing gd32f4xx_timer.o(i.timer_channel_complementary_output_state_config), (70 bytes).
    Removing gd32f4xx_timer.o(i.timer_channel_control_shadow_config), (24 bytes).
    Removing gd32f4xx_timer.o(i.timer_channel_control_shadow_update_config), (26 bytes).
    Removing gd32f4xx_timer.o(i.timer_channel_dma_request_source_select), (26 bytes).
    Removing gd32f4xx_timer.o(i.timer_channel_input_capture_prescaler_config), (90 bytes).
    Removing gd32f4xx_timer.o(i.timer_channel_input_struct_para_init), (16 bytes).
    Removing gd32f4xx_timer.o(i.timer_channel_output_clear_config), (90 bytes).
    Removing gd32f4xx_timer.o(i.timer_channel_output_config), (492 bytes).
    Removing gd32f4xx_timer.o(i.timer_channel_output_fast_config), (90 bytes).
    Removing gd32f4xx_timer.o(i.timer_channel_output_mode_config), (90 bytes).
    Removing gd32f4xx_timer.o(i.timer_channel_output_polarity_config), (92 bytes).
    Removing gd32f4xx_timer.o(i.timer_channel_output_pulse_value_config), (38 bytes).
    Removing gd32f4xx_timer.o(i.timer_channel_output_shadow_config), (90 bytes).
    Removing gd32f4xx_timer.o(i.timer_channel_output_state_config), (92 bytes).
    Removing gd32f4xx_timer.o(i.timer_channel_output_struct_para_init), (16 bytes).
    Removing gd32f4xx_timer.o(i.timer_channel_remap_config), (4 bytes).
    Removing gd32f4xx_timer.o(i.timer_counter_alignment), (16 bytes).
    Removing gd32f4xx_timer.o(i.timer_counter_down_direction), (10 bytes).
    Removing gd32f4xx_timer.o(i.timer_counter_read), (8 bytes).
    Removing gd32f4xx_timer.o(i.timer_counter_up_direction), (10 bytes).
    Removing gd32f4xx_timer.o(i.timer_counter_value_config), (4 bytes).
    Removing gd32f4xx_timer.o(i.timer_deinit), (388 bytes).
    Removing gd32f4xx_timer.o(i.timer_disable), (10 bytes).
    Removing gd32f4xx_timer.o(i.timer_dma_disable), (8 bytes).
    Removing gd32f4xx_timer.o(i.timer_dma_enable), (8 bytes).
    Removing gd32f4xx_timer.o(i.timer_dma_transfer_config), (24 bytes).
    Removing gd32f4xx_timer.o(i.timer_enable), (10 bytes).
    Removing gd32f4xx_timer.o(i.timer_event_software_generate), (8 bytes).
    Removing gd32f4xx_timer.o(i.timer_external_clock_mode0_config), (40 bytes).
    Removing gd32f4xx_timer.o(i.timer_external_clock_mode1_config), (32 bytes).
    Removing gd32f4xx_timer.o(i.timer_external_clock_mode1_disable), (10 bytes).
    Removing gd32f4xx_timer.o(i.timer_external_trigger_as_external_clock_config), (166 bytes).
    Removing gd32f4xx_timer.o(i.timer_external_trigger_config), (30 bytes).
    Removing gd32f4xx_timer.o(i.timer_flag_clear), (6 bytes).
    Removing gd32f4xx_timer.o(i.timer_flag_get), (16 bytes).
    Removing gd32f4xx_timer.o(i.timer_hall_mode_config), (26 bytes).
    Removing gd32f4xx_timer.o(i.timer_init), (152 bytes).
    Removing gd32f4xx_timer.o(i.timer_input_capture_config), (326 bytes).
    Removing gd32f4xx_timer.o(i.timer_input_pwm_capture_config), (356 bytes).
    Removing gd32f4xx_timer.o(i.timer_input_trigger_source_select), (16 bytes).
    Removing gd32f4xx_timer.o(i.timer_internal_clock_config), (10 bytes).
    Removing gd32f4xx_timer.o(i.timer_internal_trigger_as_external_clock_config), (32 bytes).
    Removing gd32f4xx_timer.o(i.timer_interrupt_disable), (8 bytes).
    Removing gd32f4xx_timer.o(i.timer_interrupt_enable), (8 bytes).
    Removing gd32f4xx_timer.o(i.timer_interrupt_flag_clear), (6 bytes).
    Removing gd32f4xx_timer.o(i.timer_interrupt_flag_get), (24 bytes).
    Removing gd32f4xx_timer.o(i.timer_master_output_trigger_source_select), (16 bytes).
    Removing gd32f4xx_timer.o(i.timer_master_slave_mode_config), (26 bytes).
    Removing gd32f4xx_timer.o(i.timer_output_value_selection_config), (34 bytes).
    Removing gd32f4xx_timer.o(i.timer_prescaler_config), (14 bytes).
    Removing gd32f4xx_timer.o(i.timer_prescaler_read), (10 bytes).
    Removing gd32f4xx_timer.o(i.timer_primary_output_config), (24 bytes).
    Removing gd32f4xx_timer.o(i.timer_quadrature_decoder_mode_config), (64 bytes).
    Removing gd32f4xx_timer.o(i.timer_repetition_value_config), (4 bytes).
    Removing gd32f4xx_timer.o(i.timer_single_pulse_mode_config), (26 bytes).
    Removing gd32f4xx_timer.o(i.timer_slave_mode_select), (16 bytes).
    Removing gd32f4xx_timer.o(i.timer_struct_para_init), (22 bytes).
    Removing gd32f4xx_timer.o(i.timer_update_event_disable), (10 bytes).
    Removing gd32f4xx_timer.o(i.timer_update_event_enable), (10 bytes).
    Removing gd32f4xx_timer.o(i.timer_update_source_config), (26 bytes).
    Removing gd32f4xx_timer.o(i.timer_write_chxval_register_config), (34 bytes).
    Removing gd32f4xx_tli.o(.rev16_text), (4 bytes).
    Removing gd32f4xx_tli.o(.revsh_text), (4 bytes).
    Removing gd32f4xx_tli.o(i.tli_color_key_disable), (14 bytes).
    Removing gd32f4xx_tli.o(i.tli_color_key_enable), (14 bytes).
    Removing gd32f4xx_tli.o(i.tli_color_key_init), (16 bytes).
    Removing gd32f4xx_tli.o(i.tli_current_pos_get), (12 bytes).
    Removing gd32f4xx_tli.o(i.tli_deinit), (20 bytes).
    Removing gd32f4xx_tli.o(i.tli_disable), (20 bytes).
    Removing gd32f4xx_tli.o(i.tli_dither_config), (36 bytes).
    Removing gd32f4xx_tli.o(i.tli_enable), (20 bytes).
    Removing gd32f4xx_tli.o(i.tli_flag_get), (36 bytes).
    Removing gd32f4xx_tli.o(i.tli_init), (188 bytes).
    Removing gd32f4xx_tli.o(i.tli_interrupt_disable), (16 bytes).
    Removing gd32f4xx_tli.o(i.tli_interrupt_enable), (16 bytes).
    Removing gd32f4xx_tli.o(i.tli_interrupt_flag_clear), (16 bytes).
    Removing gd32f4xx_tli.o(i.tli_interrupt_flag_get), (36 bytes).
    Removing gd32f4xx_tli.o(i.tli_layer_disable), (14 bytes).
    Removing gd32f4xx_tli.o(i.tli_layer_enable), (14 bytes).
    Removing gd32f4xx_tli.o(i.tli_layer_init), (152 bytes).
    Removing gd32f4xx_tli.o(i.tli_layer_struct_para_init), (48 bytes).
    Removing gd32f4xx_tli.o(i.tli_layer_window_offset_modify), (228 bytes).
    Removing gd32f4xx_tli.o(i.tli_line_mark_set), (24 bytes).
    Removing gd32f4xx_tli.o(i.tli_lut_disable), (14 bytes).
    Removing gd32f4xx_tli.o(i.tli_lut_enable), (14 bytes).
    Removing gd32f4xx_tli.o(i.tli_lut_init), (28 bytes).
    Removing gd32f4xx_tli.o(i.tli_lut_struct_para_init), (12 bytes).
    Removing gd32f4xx_tli.o(i.tli_reload_config), (36 bytes).
    Removing gd32f4xx_tli.o(i.tli_struct_para_init), (34 bytes).
    Removing gd32f4xx_trng.o(.rev16_text), (4 bytes).
    Removing gd32f4xx_trng.o(.revsh_text), (4 bytes).
    Removing gd32f4xx_trng.o(i.trng_deinit), (20 bytes).
    Removing gd32f4xx_trng.o(i.trng_disable), (20 bytes).
    Removing gd32f4xx_trng.o(i.trng_enable), (20 bytes).
    Removing gd32f4xx_trng.o(i.trng_flag_get), (24 bytes).
    Removing gd32f4xx_trng.o(i.trng_get_true_random_data), (12 bytes).
    Removing gd32f4xx_trng.o(i.trng_interrupt_disable), (20 bytes).
    Removing gd32f4xx_trng.o(i.trng_interrupt_enable), (20 bytes).
    Removing gd32f4xx_trng.o(i.trng_interrupt_flag_clear), (16 bytes).
    Removing gd32f4xx_trng.o(i.trng_interrupt_flag_get), (24 bytes).
    Removing gd32f4xx_usart.o(.rev16_text), (4 bytes).
    Removing gd32f4xx_usart.o(.revsh_text), (4 bytes).
    Removing gd32f4xx_usart.o(i.usart_address_config), (20 bytes).
    Removing gd32f4xx_usart.o(i.usart_block_length_config), (28 bytes).
    Removing gd32f4xx_usart.o(i.usart_break_frame_coherence_config), (24 bytes).
    Removing gd32f4xx_usart.o(i.usart_data_first_config), (20 bytes).
    Removing gd32f4xx_usart.o(i.usart_data_receive), (10 bytes).
    Removing gd32f4xx_usart.o(i.usart_disable), (10 bytes).
    Removing gd32f4xx_usart.o(i.usart_dma_receive_config), (20 bytes).
    Removing gd32f4xx_usart.o(i.usart_dma_transmit_config), (20 bytes).
    Removing gd32f4xx_usart.o(i.usart_flag_clear), (52 bytes).
    Removing gd32f4xx_usart.o(i.usart_guard_time_config), (24 bytes).
    Removing gd32f4xx_usart.o(i.usart_halfduplex_disable), (10 bytes).
    Removing gd32f4xx_usart.o(i.usart_halfduplex_enable), (10 bytes).
    Removing gd32f4xx_usart.o(i.usart_hardware_flow_coherence_config), (24 bytes).
    Removing gd32f4xx_usart.o(i.usart_hardware_flow_cts_config), (20 bytes).
    Removing gd32f4xx_usart.o(i.usart_hardware_flow_rts_config), (20 bytes).
    Removing gd32f4xx_usart.o(i.usart_interrupt_disable), (26 bytes).
    Removing gd32f4xx_usart.o(i.usart_interrupt_enable), (26 bytes).
    Removing gd32f4xx_usart.o(i.usart_interrupt_flag_clear), (26 bytes).
    Removing gd32f4xx_usart.o(i.usart_interrupt_flag_get), (56 bytes).
    Removing gd32f4xx_usart.o(i.usart_invert_config), (104 bytes).
    Removing gd32f4xx_usart.o(i.usart_irda_lowpower_config), (20 bytes).
    Removing gd32f4xx_usart.o(i.usart_irda_mode_disable), (10 bytes).
    Removing gd32f4xx_usart.o(i.usart_irda_mode_enable), (10 bytes).
    Removing gd32f4xx_usart.o(i.usart_lin_break_detection_length_config), (20 bytes).
    Removing gd32f4xx_usart.o(i.usart_lin_mode_disable), (10 bytes).
    Removing gd32f4xx_usart.o(i.usart_lin_mode_enable), (10 bytes).
    Removing gd32f4xx_usart.o(i.usart_mute_mode_disable), (10 bytes).
    Removing gd32f4xx_usart.o(i.usart_mute_mode_enable), (10 bytes).
    Removing gd32f4xx_usart.o(i.usart_mute_mode_wakeup_config), (16 bytes).
    Removing gd32f4xx_usart.o(i.usart_oversample_config), (16 bytes).
    Removing gd32f4xx_usart.o(i.usart_parity_check_coherence_config), (24 bytes).
    Removing gd32f4xx_usart.o(i.usart_parity_config), (16 bytes).
    Removing gd32f4xx_usart.o(i.usart_prescaler_config), (16 bytes).
    Removing gd32f4xx_usart.o(i.usart_receiver_timeout_disable), (14 bytes).
    Removing gd32f4xx_usart.o(i.usart_receiver_timeout_enable), (14 bytes).
    Removing gd32f4xx_usart.o(i.usart_receiver_timeout_threshold_config), (20 bytes).
    Removing gd32f4xx_usart.o(i.usart_sample_bit_config), (16 bytes).
    Removing gd32f4xx_usart.o(i.usart_send_break), (10 bytes).
    Removing gd32f4xx_usart.o(i.usart_smartcard_autoretry_config), (26 bytes).
    Removing gd32f4xx_usart.o(i.usart_smartcard_mode_disable), (10 bytes).
    Removing gd32f4xx_usart.o(i.usart_smartcard_mode_enable), (10 bytes).
    Removing gd32f4xx_usart.o(i.usart_smartcard_mode_nack_disable), (10 bytes).
    Removing gd32f4xx_usart.o(i.usart_smartcard_mode_nack_enable), (10 bytes).
    Removing gd32f4xx_usart.o(i.usart_stop_bit_set), (16 bytes).
    Removing gd32f4xx_usart.o(i.usart_synchronous_clock_config), (34 bytes).
    Removing gd32f4xx_usart.o(i.usart_synchronous_clock_disable), (10 bytes).
    Removing gd32f4xx_usart.o(i.usart_synchronous_clock_enable), (10 bytes).
    Removing gd32f4xx_usart.o(i.usart_word_length_set), (16 bytes).
    Removing gd32f4xx_wwdgt.o(.rev16_text), (4 bytes).
    Removing gd32f4xx_wwdgt.o(.revsh_text), (4 bytes).
    Removing gd32f4xx_wwdgt.o(i.wwdgt_config), (28 bytes).
    Removing gd32f4xx_wwdgt.o(i.wwdgt_counter_update), (16 bytes).
    Removing gd32f4xx_wwdgt.o(i.wwdgt_deinit), (20 bytes).
    Removing gd32f4xx_wwdgt.o(i.wwdgt_enable), (20 bytes).
    Removing gd32f4xx_wwdgt.o(i.wwdgt_flag_clear), (12 bytes).
    Removing gd32f4xx_wwdgt.o(i.wwdgt_flag_get), (24 bytes).
    Removing gd32f4xx_wwdgt.o(i.wwdgt_interrupt_enable), (20 bytes).
    Removing event_groups.o(i.prvTestWaitCondition), (30 bytes).
    Removing event_groups.o(i.vEventGroupClearBitsCallback), (16 bytes).
    Removing event_groups.o(i.vEventGroupDelete), (42 bytes).
    Removing event_groups.o(i.vEventGroupSetBitsCallback), (16 bytes).
    Removing event_groups.o(i.xEventGroupClearBits), (32 bytes).
    Removing event_groups.o(i.xEventGroupCreate), (26 bytes).
    Removing event_groups.o(i.xEventGroupGetBitsFromISR), (44 bytes).
    Removing event_groups.o(i.xEventGroupSetBits), (146 bytes).
    Removing event_groups.o(i.xEventGroupSync), (168 bytes).
    Removing event_groups.o(i.xEventGroupWaitBits), (204 bytes).
    Removing list.o(i.vListInsertEnd), (24 bytes).
    Removing queue.o(i.prvCopyDataFromQueue), (42 bytes).
    Removing queue.o(i.prvCopyDataToQueue), (106 bytes).
    Removing queue.o(i.prvInitialiseNewQueue), (38 bytes).
    Removing queue.o(i.prvIsQueueEmpty), (26 bytes).
    Removing queue.o(i.prvIsQueueFull), (30 bytes).
    Removing queue.o(i.prvUnlockQueue), (126 bytes).
    Removing queue.o(i.uxQueueGetQueueItemSize), (6 bytes).
    Removing queue.o(i.uxQueueGetQueueLength), (6 bytes).
    Removing queue.o(i.uxQueueMessagesWaiting), (18 bytes).
    Removing queue.o(i.uxQueueMessagesWaitingFromISR), (8 bytes).
    Removing queue.o(i.uxQueueSpacesAvailable), (24 bytes).
    Removing queue.o(i.vQueueDelete), (14 bytes).
    Removing queue.o(i.xQueueGenericCreate), (76 bytes).
    Removing queue.o(i.xQueueGenericReset), (160 bytes).
    Removing queue.o(i.xQueueGenericSend), (280 bytes).
    Removing queue.o(i.xQueueGenericSendFromISR), (154 bytes).
    Removing queue.o(i.xQueueGiveFromISR), (134 bytes).
    Removing queue.o(i.xQueueIsQueueEmptyFromISR), (16 bytes).
    Removing queue.o(i.xQueueIsQueueFullFromISR), (22 bytes).
    Removing queue.o(i.xQueuePeek), (268 bytes).
    Removing queue.o(i.xQueuePeekFromISR), (74 bytes).
    Removing queue.o(i.xQueueReceive), (260 bytes).
    Removing queue.o(i.xQueueReceiveFromISR), (142 bytes).
    Removing queue.o(i.xQueueSemaphoreTake), (240 bytes).
    Removing stream_buffer.o(i.prvBytesInBuffer), (24 bytes).
    Removing stream_buffer.o(i.prvInitialiseNewStreamBuffer), (46 bytes).
    Removing stream_buffer.o(i.prvReadBytesFromBuffer), (76 bytes).
    Removing stream_buffer.o(i.prvReadMessageFromBuffer), (90 bytes).
    Removing stream_buffer.o(i.prvWriteBytesToBuffer), (76 bytes).
    Removing stream_buffer.o(i.prvWriteMessageToBuffer), (88 bytes).
    Removing stream_buffer.o(i.uxStreamBufferGetStreamBufferNotificationIndex), (8 bytes).
    Removing stream_buffer.o(i.vStreamBufferDelete), (32 bytes).
    Removing stream_buffer.o(i.vStreamBufferSetStreamBufferNotificationIndex), (6 bytes).
    Removing stream_buffer.o(i.xStreamBufferBytesAvailable), (18 bytes).
    Removing stream_buffer.o(i.xStreamBufferGenericCreate), (92 bytes).
    Removing stream_buffer.o(i.xStreamBufferIsEmpty), (22 bytes).
    Removing stream_buffer.o(i.xStreamBufferIsFull), (40 bytes).
    Removing stream_buffer.o(i.xStreamBufferNextMessageLengthBytes), (52 bytes).
    Removing stream_buffer.o(i.xStreamBufferReceive), (192 bytes).
    Removing stream_buffer.o(i.xStreamBufferReceiveCompletedFromISR), (80 bytes).
    Removing stream_buffer.o(i.xStreamBufferReceiveFromISR), (134 bytes).
    Removing stream_buffer.o(i.xStreamBufferReset), (56 bytes).
    Removing stream_buffer.o(i.xStreamBufferResetFromISR), (80 bytes).
    Removing stream_buffer.o(i.xStreamBufferSend), (226 bytes).
    Removing stream_buffer.o(i.xStreamBufferSendCompletedFromISR), (80 bytes).
    Removing stream_buffer.o(i.xStreamBufferSendFromISR), (136 bytes).
    Removing stream_buffer.o(i.xStreamBufferSetTriggerLevel), (26 bytes).
    Removing stream_buffer.o(i.xStreamBufferSpacesAvailable), (40 bytes).
    Removing tasks.o(i.pcTaskGetName), (24 bytes).
    Removing tasks.o(i.prvTaskIsTaskSuspended), (96 bytes).
    Removing tasks.o(i.ulTaskGenericNotifyTake), (172 bytes).
    Removing tasks.o(i.ulTaskGenericNotifyValueClear), (64 bytes).
    Removing tasks.o(i.uxTaskGetNumberOfTasks), (12 bytes).
    Removing tasks.o(i.uxTaskPriorityGet), (36 bytes).
    Removing tasks.o(i.uxTaskPriorityGetFromISR), (56 bytes).
    Removing tasks.o(i.uxTaskResetEventItemValue), (28 bytes).
    Removing tasks.o(i.vTaskDelete), (236 bytes).
    Removing tasks.o(i.vTaskEndScheduler), (64 bytes).
    Removing tasks.o(i.vTaskGenericNotifyGiveFromISR), (348 bytes).
    Removing tasks.o(i.vTaskInternalSetTimeOutState), (24 bytes).
    Removing tasks.o(i.vTaskMissedYield), (12 bytes).
    Removing tasks.o(i.vTaskPlaceOnEventList), (32 bytes).
    Removing tasks.o(i.vTaskPlaceOnUnorderedEventList), (84 bytes).
    Removing tasks.o(i.vTaskPrioritySet), (304 bytes).
    Removing tasks.o(i.vTaskRemoveFromUnorderedEventList), (224 bytes).
    Removing tasks.o(i.vTaskResetState), (116 bytes).
    Removing tasks.o(i.vTaskResume), (188 bytes).
    Removing tasks.o(i.vTaskSetTimeOutState), (36 bytes).
    Removing tasks.o(i.vTaskSuspend), (220 bytes).
    Removing tasks.o(i.xTaskCatchUpTicks), (40 bytes).
    Removing tasks.o(i.xTaskCheckForTimeOut), (96 bytes).
    Removing tasks.o(i.xTaskDelayUntil), (116 bytes).
    Removing tasks.o(i.xTaskGenericNotify), (348 bytes).
    Removing tasks.o(i.xTaskGenericNotifyFromISR), (516 bytes).
    Removing tasks.o(i.xTaskGenericNotifyStateClear), (64 bytes).
    Removing tasks.o(i.xTaskGenericNotifyWait), (208 bytes).
    Removing tasks.o(i.xTaskGetCurrentTaskHandle), (12 bytes).
    Removing tasks.o(i.xTaskGetCurrentTaskHandleForCore), (32 bytes).
    Removing tasks.o(i.xTaskGetTickCount), (12 bytes).
    Removing tasks.o(i.xTaskGetTickCountFromISR), (12 bytes).
    Removing tasks.o(i.xTaskRemoveFromEventList), (280 bytes).
    Removing tasks.o(i.xTaskResumeFromISR), (220 bytes).
    Removing port.o(i.vPortEndScheduler), (2 bytes).
    Removing heap_4.o(i.pvPortCalloc), (54 bytes).
    Removing heap_4.o(i.vPortGetHeapStats), (128 bytes).
    Removing heap_4.o(i.vPortHeapResetState), (44 bytes).
    Removing heap_4.o(i.vPortInitialiseBlocks), (2 bytes).
    Removing heap_4.o(i.xPortGetFreeHeapSize), (12 bytes).
    Removing heap_4.o(i.xPortGetMinimumEverFreeHeapSize), (12 bytes).
    Removing dadd.o(.text), (334 bytes).
    Removing dmul.o(.text), (228 bytes).
    Removing ddiv.o(.text), (222 bytes).
    Removing dfixul.o(.text), (48 bytes).
    Removing cdrcmple.o(.text), (48 bytes).
    Removing depilogue.o(.text), (186 bytes).

1017 unused section(s) (total 72750 bytes) removed from the image.

==============================================================================

Image Symbol Table

    Local Symbols

    Symbol Name                              Value     Ov Type        Size  Object(Section)

    ../clib/microlib/division.c              0x00000000   Number         0  uidiv.o ABSOLUTE
    ../clib/microlib/division.c              0x00000000   Number         0  uldiv.o ABSOLUTE
    ../clib/microlib/init/entry.s            0x00000000   Number         0  entry8b.o ABSOLUTE
    ../clib/microlib/init/entry.s            0x00000000   Number         0  entry12b.o ABSOLUTE
    ../clib/microlib/init/entry.s            0x00000000   Number         0  entry7a.o ABSOLUTE
    ../clib/microlib/init/entry.s            0x00000000   Number         0  entry10b.o ABSOLUTE
    ../clib/microlib/init/entry.s            0x00000000   Number         0  entry11b.o ABSOLUTE
    ../clib/microlib/init/entry.s            0x00000000   Number         0  entry10a.o ABSOLUTE
    ../clib/microlib/init/entry.s            0x00000000   Number         0  entry9b.o ABSOLUTE
    ../clib/microlib/init/entry.s            0x00000000   Number         0  entry7b.o ABSOLUTE
    ../clib/microlib/init/entry.s            0x00000000   Number         0  entry12a.o ABSOLUTE
    ../clib/microlib/init/entry.s            0x00000000   Number         0  entry9a.o ABSOLUTE
    ../clib/microlib/init/entry.s            0x00000000   Number         0  entry11a.o ABSOLUTE
    ../clib/microlib/init/entry.s            0x00000000   Number         0  entry5.o ABSOLUTE
    ../clib/microlib/init/entry.s            0x00000000   Number         0  entry.o ABSOLUTE
    ../clib/microlib/init/entry.s            0x00000000   Number         0  entry2.o ABSOLUTE
    ../clib/microlib/init/entry.s            0x00000000   Number         0  entry8a.o ABSOLUTE
    ../clib/microlib/longlong.c              0x00000000   Number         0  llushr.o ABSOLUTE
    ../clib/microlib/longlong.c              0x00000000   Number         0  llsshr.o ABSOLUTE
    ../clib/microlib/longlong.c              0x00000000   Number         0  llshl.o ABSOLUTE
    ../clib/microlib/printf/printf.c         0x00000000   Number         0  printfb.o ABSOLUTE
    ../clib/microlib/printf/printf.c         0x00000000   Number         0  printf1.o ABSOLUTE
    ../clib/microlib/printf/printf.c         0x00000000   Number         0  printf2.o ABSOLUTE
    ../clib/microlib/printf/printf.c         0x00000000   Number         0  printf3.o ABSOLUTE
    ../clib/microlib/printf/printf.c         0x00000000   Number         0  printf5.o ABSOLUTE
    ../clib/microlib/printf/printf.c         0x00000000   Number         0  printf6.o ABSOLUTE
    ../clib/microlib/printf/printf.c         0x00000000   Number         0  printf4.o ABSOLUTE
    ../clib/microlib/printf/printf.c         0x00000000   Number         0  printf7.o ABSOLUTE
    ../clib/microlib/printf/printf.c         0x00000000   Number         0  printf8.o ABSOLUTE
    ../clib/microlib/printf/printf.c         0x00000000   Number         0  printfa.o ABSOLUTE
    ../clib/microlib/printf/printf.c         0x00000000   Number         0  printf0.o ABSOLUTE
    ../clib/microlib/stdio/streams.c         0x00000000   Number         0  stdout.o ABSOLUTE
    ../clib/microlib/string/memcpy.c         0x00000000   Number         0  memcpya.o ABSOLUTE
    ../clib/microlib/string/memcpy.c         0x00000000   Number         0  memcpyb.o ABSOLUTE
    ../clib/microlib/string/memset.c         0x00000000   Number         0  memseta.o ABSOLUTE
    ../clib/microlib/stubs.s                 0x00000000   Number         0  iusefp.o ABSOLUTE
    ../fplib/microlib/fpadd.c                0x00000000   Number         0  dadd.o ABSOLUTE
    ../fplib/microlib/fpdiv.c                0x00000000   Number         0  ddiv.o ABSOLUTE
    ../fplib/microlib/fpepilogue.c           0x00000000   Number         0  depilogue.o ABSOLUTE
    ../fplib/microlib/fpfix.c                0x00000000   Number         0  dfixul.o ABSOLUTE
    ../fplib/microlib/fpmul.c                0x00000000   Number         0  dmul.o ABSOLUTE
    CMSIS\GD\GD32F4xx\Source\ARM\startup_gd32f450_470.s 0x00000000   Number         0  startup_gd32f450_470.o ABSOLUTE
    CMSIS\GD\GD32F4xx\Source\system_gd32f4xx.c 0x00000000   Number         0  system_gd32f4xx.o ABSOLUTE
    CMSIS\\GD\\GD32F4xx\\Source\\system_gd32f4xx.c 0x00000000   Number         0  system_gd32f4xx.o ABSOLUTE
    Driver\Usart.c                           0x00000000   Number         0  usart.o ABSOLUTE
    Driver\\Usart.c                          0x00000000   Number         0  usart.o ABSOLUTE
    FWLIB\Source\gd32f4xx_adc.c              0x00000000   Number         0  gd32f4xx_adc.o ABSOLUTE
    FWLIB\Source\gd32f4xx_can.c              0x00000000   Number         0  gd32f4xx_can.o ABSOLUTE
    FWLIB\Source\gd32f4xx_crc.c              0x00000000   Number         0  gd32f4xx_crc.o ABSOLUTE
    FWLIB\Source\gd32f4xx_ctc.c              0x00000000   Number         0  gd32f4xx_ctc.o ABSOLUTE
    FWLIB\Source\gd32f4xx_dac.c              0x00000000   Number         0  gd32f4xx_dac.o ABSOLUTE
    FWLIB\Source\gd32f4xx_dbg.c              0x00000000   Number         0  gd32f4xx_dbg.o ABSOLUTE
    FWLIB\Source\gd32f4xx_dci.c              0x00000000   Number         0  gd32f4xx_dci.o ABSOLUTE
    FWLIB\Source\gd32f4xx_dma.c              0x00000000   Number         0  gd32f4xx_dma.o ABSOLUTE
    FWLIB\Source\gd32f4xx_enet.c             0x00000000   Number         0  gd32f4xx_enet.o ABSOLUTE
    FWLIB\Source\gd32f4xx_exmc.c             0x00000000   Number         0  gd32f4xx_exmc.o ABSOLUTE
    FWLIB\Source\gd32f4xx_exti.c             0x00000000   Number         0  gd32f4xx_exti.o ABSOLUTE
    FWLIB\Source\gd32f4xx_fmc.c              0x00000000   Number         0  gd32f4xx_fmc.o ABSOLUTE
    FWLIB\Source\gd32f4xx_fwdgt.c            0x00000000   Number         0  gd32f4xx_fwdgt.o ABSOLUTE
    FWLIB\Source\gd32f4xx_gpio.c             0x00000000   Number         0  gd32f4xx_gpio.o ABSOLUTE
    FWLIB\Source\gd32f4xx_i2c.c              0x00000000   Number         0  gd32f4xx_i2c.o ABSOLUTE
    FWLIB\Source\gd32f4xx_ipa.c              0x00000000   Number         0  gd32f4xx_ipa.o ABSOLUTE
    FWLIB\Source\gd32f4xx_iref.c             0x00000000   Number         0  gd32f4xx_iref.o ABSOLUTE
    FWLIB\Source\gd32f4xx_misc.c             0x00000000   Number         0  gd32f4xx_misc.o ABSOLUTE
    FWLIB\Source\gd32f4xx_pmu.c              0x00000000   Number         0  gd32f4xx_pmu.o ABSOLUTE
    FWLIB\Source\gd32f4xx_rcu.c              0x00000000   Number         0  gd32f4xx_rcu.o ABSOLUTE
    FWLIB\Source\gd32f4xx_rtc.c              0x00000000   Number         0  gd32f4xx_rtc.o ABSOLUTE
    FWLIB\Source\gd32f4xx_sdio.c             0x00000000   Number         0  gd32f4xx_sdio.o ABSOLUTE
    FWLIB\Source\gd32f4xx_spi.c              0x00000000   Number         0  gd32f4xx_spi.o ABSOLUTE
    FWLIB\Source\gd32f4xx_syscfg.c           0x00000000   Number         0  gd32f4xx_syscfg.o ABSOLUTE
    FWLIB\Source\gd32f4xx_timer.c            0x00000000   Number         0  gd32f4xx_timer.o ABSOLUTE
    FWLIB\Source\gd32f4xx_tli.c              0x00000000   Number         0  gd32f4xx_tli.o ABSOLUTE
    FWLIB\Source\gd32f4xx_trng.c             0x00000000   Number         0  gd32f4xx_trng.o ABSOLUTE
    FWLIB\Source\gd32f4xx_usart.c            0x00000000   Number         0  gd32f4xx_usart.o ABSOLUTE
    FWLIB\Source\gd32f4xx_wwdgt.c            0x00000000   Number         0  gd32f4xx_wwdgt.o ABSOLUTE
    FWLIB\\Source\\gd32f4xx_adc.c            0x00000000   Number         0  gd32f4xx_adc.o ABSOLUTE
    FWLIB\\Source\\gd32f4xx_can.c            0x00000000   Number         0  gd32f4xx_can.o ABSOLUTE
    FWLIB\\Source\\gd32f4xx_crc.c            0x00000000   Number         0  gd32f4xx_crc.o ABSOLUTE
    FWLIB\\Source\\gd32f4xx_ctc.c            0x00000000   Number         0  gd32f4xx_ctc.o ABSOLUTE
    FWLIB\\Source\\gd32f4xx_dac.c            0x00000000   Number         0  gd32f4xx_dac.o ABSOLUTE
    FWLIB\\Source\\gd32f4xx_dbg.c            0x00000000   Number         0  gd32f4xx_dbg.o ABSOLUTE
    FWLIB\\Source\\gd32f4xx_dci.c            0x00000000   Number         0  gd32f4xx_dci.o ABSOLUTE
    FWLIB\\Source\\gd32f4xx_dma.c            0x00000000   Number         0  gd32f4xx_dma.o ABSOLUTE
    FWLIB\\Source\\gd32f4xx_enet.c           0x00000000   Number         0  gd32f4xx_enet.o ABSOLUTE
    FWLIB\\Source\\gd32f4xx_exmc.c           0x00000000   Number         0  gd32f4xx_exmc.o ABSOLUTE
    FWLIB\\Source\\gd32f4xx_exti.c           0x00000000   Number         0  gd32f4xx_exti.o ABSOLUTE
    FWLIB\\Source\\gd32f4xx_fmc.c            0x00000000   Number         0  gd32f4xx_fmc.o ABSOLUTE
    FWLIB\\Source\\gd32f4xx_fwdgt.c          0x00000000   Number         0  gd32f4xx_fwdgt.o ABSOLUTE
    FWLIB\\Source\\gd32f4xx_gpio.c           0x00000000   Number         0  gd32f4xx_gpio.o ABSOLUTE
    FWLIB\\Source\\gd32f4xx_i2c.c            0x00000000   Number         0  gd32f4xx_i2c.o ABSOLUTE
    FWLIB\\Source\\gd32f4xx_ipa.c            0x00000000   Number         0  gd32f4xx_ipa.o ABSOLUTE
    FWLIB\\Source\\gd32f4xx_iref.c           0x00000000   Number         0  gd32f4xx_iref.o ABSOLUTE
    FWLIB\\Source\\gd32f4xx_misc.c           0x00000000   Number         0  gd32f4xx_misc.o ABSOLUTE
    FWLIB\\Source\\gd32f4xx_pmu.c            0x00000000   Number         0  gd32f4xx_pmu.o ABSOLUTE
    FWLIB\\Source\\gd32f4xx_rcu.c            0x00000000   Number         0  gd32f4xx_rcu.o ABSOLUTE
    FWLIB\\Source\\gd32f4xx_rtc.c            0x00000000   Number         0  gd32f4xx_rtc.o ABSOLUTE
    FWLIB\\Source\\gd32f4xx_sdio.c           0x00000000   Number         0  gd32f4xx_sdio.o ABSOLUTE
    FWLIB\\Source\\gd32f4xx_spi.c            0x00000000   Number         0  gd32f4xx_spi.o ABSOLUTE
    FWLIB\\Source\\gd32f4xx_syscfg.c         0x00000000   Number         0  gd32f4xx_syscfg.o ABSOLUTE
    FWLIB\\Source\\gd32f4xx_timer.c          0x00000000   Number         0  gd32f4xx_timer.o ABSOLUTE
    FWLIB\\Source\\gd32f4xx_tli.c            0x00000000   Number         0  gd32f4xx_tli.o ABSOLUTE
    FWLIB\\Source\\gd32f4xx_trng.c           0x00000000   Number         0  gd32f4xx_trng.o ABSOLUTE
    FWLIB\\Source\\gd32f4xx_usart.c          0x00000000   Number         0  gd32f4xx_usart.o ABSOLUTE
    FWLIB\\Source\\gd32f4xx_wwdgt.c          0x00000000   Number         0  gd32f4xx_wwdgt.o ABSOLUTE
    FreeRTOS\\port\\RVDS\\ARM_CM4F\\port.c   0x00000000   Number         0  port.o ABSOLUTE
    FreeRTOS\port\MemMang\heap_4.c           0x00000000   Number         0  heap_4.o ABSOLUTE
    FreeRTOS\port\RVDS\ARM_CM4F\port.c       0x00000000   Number         0  port.o ABSOLUTE
    FreeRTOS\src\croutine.c                  0x00000000   Number         0  croutine.o ABSOLUTE
    FreeRTOS\src\event_groups.c              0x00000000   Number         0  event_groups.o ABSOLUTE
    FreeRTOS\src\list.c                      0x00000000   Number         0  list.o ABSOLUTE
    FreeRTOS\src\queue.c                     0x00000000   Number         0  queue.o ABSOLUTE
    FreeRTOS\src\stream_buffer.c             0x00000000   Number         0  stream_buffer.o ABSOLUTE
    FreeRTOS\src\tasks.c                     0x00000000   Number         0  tasks.o ABSOLUTE
    FreeRTOS\src\timers.c                    0x00000000   Number         0  timers.o ABSOLUTE
    User\\gd32f4xx_it.c                      0x00000000   Number         0  gd32f4xx_it.o ABSOLUTE
    User\\main.c                             0x00000000   Number         0  main.o ABSOLUTE
    User\\systick.c                          0x00000000   Number         0  systick.o ABSOLUTE
    User\gd32f4xx_it.c                       0x00000000   Number         0  gd32f4xx_it.o ABSOLUTE
    User\main.c                              0x00000000   Number         0  main.o ABSOLUTE
    User\systick.c                           0x00000000   Number         0  systick.o ABSOLUTE
    cdrcmple.s                               0x00000000   Number         0  cdrcmple.o ABSOLUTE
    dc.s                                     0x00000000   Number         0  dc.o ABSOLUTE
    handlers.s                               0x00000000   Number         0  handlers.o ABSOLUTE
    init.s                                   0x00000000   Number         0  init.o ABSOLUTE
    RESET                                    0x08000000   Section      428  startup_gd32f450_470.o(RESET)
    .ARM.Collect$$$$00000000                 0x080001ac   Section        0  entry.o(.ARM.Collect$$$$00000000)
    .ARM.Collect$$$$00000001                 0x080001ac   Section        4  entry2.o(.ARM.Collect$$$$00000001)
    .ARM.Collect$$$$00000004                 0x080001b0   Section        4  entry5.o(.ARM.Collect$$$$00000004)
    .ARM.Collect$$$$00000008                 0x080001b4   Section        0  entry7b.o(.ARM.Collect$$$$00000008)
    .ARM.Collect$$$$0000000A                 0x080001b4   Section        0  entry8b.o(.ARM.Collect$$$$0000000A)
    .ARM.Collect$$$$0000000B                 0x080001b4   Section        8  entry9a.o(.ARM.Collect$$$$0000000B)
    .ARM.Collect$$$$0000000E                 0x080001bc   Section        4  entry12b.o(.ARM.Collect$$$$0000000E)
    .ARM.Collect$$$$0000000F                 0x080001c0   Section        0  entry10a.o(.ARM.Collect$$$$0000000F)
    .ARM.Collect$$$$00000011                 0x080001c0   Section        0  entry11a.o(.ARM.Collect$$$$00000011)
    .ARM.Collect$$$$00002712                 0x080001c0   Section        4  entry2.o(.ARM.Collect$$$$00002712)
    __lit__00000000                          0x080001c0   Data           4  entry2.o(.ARM.Collect$$$$00002712)
    .emb_text                                0x080001c4   Section      190  port.o(.emb_text)
    $v0                                      0x080001c4   Number         0  port.o(.emb_text)
    .text                                    0x08000284   Section       36  startup_gd32f450_470.o(.text)
    $v0                                      0x08000284   Number         0  startup_gd32f450_470.o(.text)
    .text                                    0x080002a8   Section        0  memseta.o(.text)
    .text                                    0x080002cc   Section       36  init.o(.text)
    i.BusFault_Handler                       0x080002f0   Section        0  gd32f4xx_it.o(i.BusFault_Handler)
    i.DebugMon_Handler                       0x080002f4   Section        0  gd32f4xx_it.o(i.DebugMon_Handler)
    i.Debug_Task                             0x080002f8   Section        0  main.o(i.Debug_Task)
    i.Drv_usart0_SendByte                    0x08000320   Section        0  usart.o(i.Drv_usart0_SendByte)
    i.HardFault_Handler                      0x08000340   Section        0  gd32f4xx_it.o(i.HardFault_Handler)
    i.MemManage_Handler                      0x08000344   Section        0  gd32f4xx_it.o(i.MemManage_Handler)
    i.NMI_Handler                            0x08000348   Section        0  gd32f4xx_it.o(i.NMI_Handler)
    i.RTOS_Init                              0x0800034c   Section        0  main.o(i.RTOS_Init)
    i.SysTick_Handler                        0x08000384   Section        0  gd32f4xx_it.o(i.SysTick_Handler)
    i.SystemInit                             0x0800038c   Section        0  system_gd32f4xx.o(i.SystemInit)
    i.System_Init                            0x08000460   Section        0  main.o(i.System_Init)
    i.UsageFault_Handler                     0x08000468   Section        0  gd32f4xx_it.o(i.UsageFault_Handler)
    i.Usart_Init                             0x0800046c   Section        0  usart.o(i.Usart_Init)
    i.__0printf$bare                         0x08000478   Section        0  printfb.o(i.__0printf$bare)
    i.__scatterload_copy                     0x08000488   Section       14  handlers.o(i.__scatterload_copy)
    i.__scatterload_null                     0x08000496   Section        2  handlers.o(i.__scatterload_null)
    i.__scatterload_zeroinit                 0x08000498   Section       14  handlers.o(i.__scatterload_zeroinit)
    i._printf_core                           0x080004a6   Section        0  printfb.o(i._printf_core)
    _printf_core                             0x080004a7   Thumb Code    34  printfb.o(i._printf_core)
    i.fputc                                  0x080004c8   Section        0  usart.o(i.fputc)
    i.gpio_af_set                            0x080004e2   Section        0  gd32f4xx_gpio.o(i.gpio_af_set)
    i.gpio_mode_set                          0x08000540   Section        0  gd32f4xx_gpio.o(i.gpio_mode_set)
    i.gpio_output_options_set                0x0800058e   Section        0  gd32f4xx_gpio.o(i.gpio_output_options_set)
    i.main                                   0x080005d0   Section        0  main.o(i.main)
    i.prvAddCurrentTaskToDelayedList         0x080005e0   Section        0  tasks.o(i.prvAddCurrentTaskToDelayedList)
    prvAddCurrentTaskToDelayedList           0x080005e1   Thumb Code   174  tasks.o(i.prvAddCurrentTaskToDelayedList)
    i.prvAddNewTaskToReadyList               0x080006ac   Section        0  tasks.o(i.prvAddNewTaskToReadyList)
    prvAddNewTaskToReadyList                 0x080006ad   Thumb Code   212  tasks.o(i.prvAddNewTaskToReadyList)
    i.prvCheckTasksWaitingTermination        0x0800079c   Section        0  tasks.o(i.prvCheckTasksWaitingTermination)
    prvCheckTasksWaitingTermination          0x0800079d   Thumb Code    60  tasks.o(i.prvCheckTasksWaitingTermination)
    i.prvCreateIdleTasks                     0x080007e4   Section        0  tasks.o(i.prvCreateIdleTasks)
    prvCreateIdleTasks                       0x080007e5   Thumb Code    86  tasks.o(i.prvCreateIdleTasks)
    i.prvCreateTask                          0x0800084c   Section        0  tasks.o(i.prvCreateTask)
    prvCreateTask                            0x0800084d   Thumb Code    90  tasks.o(i.prvCreateTask)
    i.prvDeleteTCB                           0x080008a6   Section        0  tasks.o(i.prvDeleteTCB)
    prvDeleteTCB                             0x080008a7   Thumb Code    18  tasks.o(i.prvDeleteTCB)
    i.prvHeapInit                            0x080008b8   Section        0  heap_4.o(i.prvHeapInit)
    prvHeapInit                              0x080008b9   Thumb Code    88  heap_4.o(i.prvHeapInit)
    i.prvIdleTask                            0x08000924   Section        0  tasks.o(i.prvIdleTask)
    prvIdleTask                              0x08000925   Thumb Code    32  tasks.o(i.prvIdleTask)
    i.prvInitialiseNewTask                   0x0800094c   Section        0  tasks.o(i.prvInitialiseNewTask)
    prvInitialiseNewTask                     0x0800094d   Thumb Code   122  tasks.o(i.prvInitialiseNewTask)
    i.prvInitialiseTaskLists                 0x080009c8   Section        0  tasks.o(i.prvInitialiseTaskLists)
    prvInitialiseTaskLists                   0x080009c9   Thumb Code    70  tasks.o(i.prvInitialiseTaskLists)
    i.prvInsertBlockIntoFreeList             0x08000a30   Section        0  heap_4.o(i.prvInsertBlockIntoFreeList)
    prvInsertBlockIntoFreeList               0x08000a31   Thumb Code    96  heap_4.o(i.prvInsertBlockIntoFreeList)
    i.prvResetNextTaskUnblockTime            0x08000a98   Section        0  tasks.o(i.prvResetNextTaskUnblockTime)
    prvResetNextTaskUnblockTime              0x08000a99   Thumb Code    40  tasks.o(i.prvResetNextTaskUnblockTime)
    i.prvTaskExitError                       0x08000ac8   Section        0  port.o(i.prvTaskExitError)
    prvTaskExitError                         0x08000ac9   Thumb Code    22  port.o(i.prvTaskExitError)
    i.pvPortMalloc                           0x08000ae0   Section        0  heap_4.o(i.pvPortMalloc)
    i.pxPortInitialiseStack                  0x08000be0   Section        0  port.o(i.pxPortInitialiseStack)
    i.rcu_clock_freq_get                     0x08000c0c   Section        0  gd32f4xx_rcu.o(i.rcu_clock_freq_get)
    i.rcu_periph_clock_enable                0x08000d30   Section        0  gd32f4xx_rcu.o(i.rcu_periph_clock_enable)
    i.rcu_periph_reset_disable               0x08000d54   Section        0  gd32f4xx_rcu.o(i.rcu_periph_reset_disable)
    i.rcu_periph_reset_enable                0x08000d78   Section        0  gd32f4xx_rcu.o(i.rcu_periph_reset_enable)
    i.system_clock_240m_8m_hxtal             0x08000d9c   Section        0  system_gd32f4xx.o(i.system_clock_240m_8m_hxtal)
    system_clock_240m_8m_hxtal               0x08000d9d   Thumb Code   250  system_gd32f4xx.o(i.system_clock_240m_8m_hxtal)
    i.system_clock_config                    0x08000ea4   Section        0  system_gd32f4xx.o(i.system_clock_config)
    system_clock_config                      0x08000ea5   Thumb Code     8  system_gd32f4xx.o(i.system_clock_config)
    i.usart_baudrate_set                     0x08000eac   Section        0  gd32f4xx_usart.o(i.usart_baudrate_set)
    i.usart_config                           0x08000f94   Section        0  usart.o(i.usart_config)
    usart_config                             0x08000f95   Thumb Code    42  usart.o(i.usart_config)
    i.usart_data_transmit                    0x08000fc4   Section        0  gd32f4xx_usart.o(i.usart_data_transmit)
    i.usart_deinit                           0x08000fcc   Section        0  gd32f4xx_usart.o(i.usart_deinit)
    i.usart_enable                           0x080010a8   Section        0  gd32f4xx_usart.o(i.usart_enable)
    i.usart_flag_get                         0x080010b2   Section        0  gd32f4xx_usart.o(i.usart_flag_get)
    i.usart_gpio_init                        0x080010d0   Section        0  usart.o(i.usart_gpio_init)
    usart_gpio_init                          0x080010d1   Thumb Code    74  usart.o(i.usart_gpio_init)
    i.usart_receive_config                   0x08001120   Section        0  gd32f4xx_usart.o(i.usart_receive_config)
    i.usart_transmit_config                  0x08001130   Section        0  gd32f4xx_usart.o(i.usart_transmit_config)
    i.uxListRemove                           0x08001140   Section        0  list.o(i.uxListRemove)
    i.vListInitialise                        0x08001168   Section        0  list.o(i.vListInitialise)
    i.vListInitialiseItem                    0x08001182   Section        0  list.o(i.vListInitialiseItem)
    i.vListInsert                            0x08001188   Section        0  list.o(i.vListInsert)
    i.vPortEnterCritical                     0x080011bc   Section        0  port.o(i.vPortEnterCritical)
    i.vPortExitCritical                      0x080011e0   Section        0  port.o(i.vPortExitCritical)
    i.vPortFree                              0x08001200   Section        0  heap_4.o(i.vPortFree)
    i.vPortSetupTimerInterrupt               0x0800124c   Section        0  port.o(i.vPortSetupTimerInterrupt)
    i.vTaskDelay                             0x08001274   Section        0  tasks.o(i.vTaskDelay)
    i.vTaskStartScheduler                    0x080012a8   Section        0  tasks.o(i.vTaskStartScheduler)
    i.vTaskSuspendAll                        0x080012f4   Section        0  tasks.o(i.vTaskSuspendAll)
    i.vTaskSwitchContext                     0x08001304   Section        0  tasks.o(i.vTaskSwitchContext)
    i.xPortStartScheduler                    0x0800136c   Section        0  port.o(i.xPortStartScheduler)
    i.xPortSysTickHandler                    0x080013b4   Section        0  port.o(i.xPortSysTickHandler)
    i.xTaskCreate                            0x080013e8   Section        0  tasks.o(i.xTaskCreate)
    i.xTaskIncrementTick                     0x08001420   Section        0  tasks.o(i.xTaskIncrementTick)
    i.xTaskResumeAll                         0x080015c0   Section        0  tasks.o(i.xTaskResumeAll)
    .data                                    0x20000000   Section        4  main.o(.data)
    .data                                    0x20000004   Section        4  system_gd32f4xx.o(.data)
    .data                                    0x20000008   Section       64  tasks.o(.data)
    pxDelayedTaskList                        0x2000000c   Data           4  tasks.o(.data)
    pxOverflowDelayedTaskList                0x20000010   Data           4  tasks.o(.data)
    uxDeletedTasksWaitingCleanUp             0x20000014   Data           4  tasks.o(.data)
    uxCurrentNumberOfTasks                   0x20000018   Data           4  tasks.o(.data)
    xTickCount                               0x2000001c   Data           4  tasks.o(.data)
    uxTopReadyPriority                       0x20000020   Data           4  tasks.o(.data)
    xSchedulerRunning                        0x20000024   Data           4  tasks.o(.data)
    xPendedTicks                             0x20000028   Data           4  tasks.o(.data)
    xYieldPendings                           0x2000002c   Data           4  tasks.o(.data)
    xNumOfOverflows                          0x20000030   Data           4  tasks.o(.data)
    uxTaskNumber                             0x20000034   Data           4  tasks.o(.data)
    xNextTaskUnblockTime                     0x20000038   Data           4  tasks.o(.data)
    xIdleTaskHandles                         0x2000003c   Data           4  tasks.o(.data)
    uxTopUsedPriority                        0x20000040   Data           4  tasks.o(.data)
    uxSchedulerSuspended                     0x20000044   Data           4  tasks.o(.data)
    .data                                    0x20000048   Section        4  port.o(.data)
    uxCriticalNesting                        0x20000048   Data           4  port.o(.data)
    .data                                    0x2000004c   Section       28  heap_4.o(.data)
    xStart                                   0x2000004c   Data           8  heap_4.o(.data)
    pxEnd                                    0x20000054   Data           4  heap_4.o(.data)
    xFreeBytesRemaining                      0x20000058   Data           4  heap_4.o(.data)
    xMinimumEverFreeBytesRemaining           0x2000005c   Data           4  heap_4.o(.data)
    xNumberOfSuccessfulAllocations           0x20000060   Data           4  heap_4.o(.data)
    xNumberOfSuccessfulFrees                 0x20000064   Data           4  heap_4.o(.data)
    .data                                    0x20000068   Section        4  stdout.o(.data)
    .bss                                     0x2000006c   Section      200  tasks.o(.bss)
    pxReadyTasksLists                        0x2000006c   Data         100  tasks.o(.bss)
    xDelayedTaskList1                        0x200000d0   Data          20  tasks.o(.bss)
    xDelayedTaskList2                        0x200000e4   Data          20  tasks.o(.bss)
    xPendingReadyList                        0x200000f8   Data          20  tasks.o(.bss)
    xTasksWaitingTermination                 0x2000010c   Data          20  tasks.o(.bss)
    xSuspendedTaskList                       0x20000120   Data          20  tasks.o(.bss)
    .bss                                     0x20000134   Section    17408  heap_4.o(.bss)
    ucHeap                                   0x20000134   Data       17408  heap_4.o(.bss)
    STACK                                    0x20004538   Section     8192  startup_gd32f450_470.o(STACK)

    Global Symbols

    Symbol Name                              Value     Ov Type        Size  Object(Section)

    BuildAttributes$$THM_ISAv4$E$P$D$K$B$S$7EM$VFPi3$EXTD16$VFPS$VFMA$PE$A:L22UL41UL21$X:L11$S22US41US21$IEEE1$IW$USESV6$~STKCKD$USESV7$~SHL$OSPACE$ROPI$EBA8$MICROLIB$REQ8$PRES8$EABIv2 0x00000000   Number         0  anon$$obj.o ABSOLUTE
    __ARM_use_no_argv                        0x00000000   Number         0  main.o ABSOLUTE
    __arm_fini_                               - Undefined Weak Reference
    __cpp_initialize__aeabi_                  - Undefined Weak Reference
    __cxa_finalize                            - Undefined Weak Reference
    __decompress                              - Undefined Weak Reference
    _clock_init                               - Undefined Weak Reference
    _microlib_exit                            - Undefined Weak Reference
    __Vectors_Size                           0x000001ac   Number         0  startup_gd32f450_470.o ABSOLUTE
    __Vectors                                0x08000000   Data           4  startup_gd32f450_470.o(RESET)
    __Vectors_End                            0x080001ac   Data           0  startup_gd32f450_470.o(RESET)
    __main                                   0x080001ad   Thumb Code     0  entry.o(.ARM.Collect$$$$00000000)
    _main_stk                                0x080001ad   Thumb Code     0  entry2.o(.ARM.Collect$$$$00000001)
    _main_scatterload                        0x080001b1   Thumb Code     0  entry5.o(.ARM.Collect$$$$00000004)
    __main_after_scatterload                 0x080001b5   Thumb Code     0  entry5.o(.ARM.Collect$$$$00000004)
    _main_clock                              0x080001b5   Thumb Code     0  entry7b.o(.ARM.Collect$$$$00000008)
    _main_cpp_init                           0x080001b5   Thumb Code     0  entry8b.o(.ARM.Collect$$$$0000000A)
    _main_init                               0x080001b5   Thumb Code     0  entry9a.o(.ARM.Collect$$$$0000000B)
    __rt_lib_shutdown_fini                   0x080001bd   Thumb Code     0  entry12b.o(.ARM.Collect$$$$0000000E)
    __rt_final_cpp                           0x080001c1   Thumb Code     0  entry10a.o(.ARM.Collect$$$$0000000F)
    __rt_final_exit                          0x080001c1   Thumb Code     0  entry11a.o(.ARM.Collect$$$$00000011)
    SVC_Handler                              0x080001c5   Thumb Code    28  port.o(.emb_text)
    __asm___6_port_c_39a90d8d__prvStartFirstTask 0x080001e5   Thumb Code    36  port.o(.emb_text)
    __asm___6_port_c_39a90d8d__prvEnableVFP  0x0800020d   Thumb Code    16  port.o(.emb_text)
    PendSV_Handler                           0x08000221   Thumb Code    88  port.o(.emb_text)
    vPortGetIPSR                             0x0800027d   Thumb Code     6  port.o(.emb_text)
    Reset_Handler                            0x08000285   Thumb Code     8  startup_gd32f450_470.o(.text)
    ADC_IRQHandler                           0x0800029f   Thumb Code     0  startup_gd32f450_470.o(.text)
    CAN0_EWMC_IRQHandler                     0x0800029f   Thumb Code     0  startup_gd32f450_470.o(.text)
    CAN0_RX0_IRQHandler                      0x0800029f   Thumb Code     0  startup_gd32f450_470.o(.text)
    CAN0_RX1_IRQHandler                      0x0800029f   Thumb Code     0  startup_gd32f450_470.o(.text)
    CAN0_TX_IRQHandler                       0x0800029f   Thumb Code     0  startup_gd32f450_470.o(.text)
    CAN1_EWMC_IRQHandler                     0x0800029f   Thumb Code     0  startup_gd32f450_470.o(.text)
    CAN1_RX0_IRQHandler                      0x0800029f   Thumb Code     0  startup_gd32f450_470.o(.text)
    CAN1_RX1_IRQHandler                      0x0800029f   Thumb Code     0  startup_gd32f450_470.o(.text)
    CAN1_TX_IRQHandler                       0x0800029f   Thumb Code     0  startup_gd32f450_470.o(.text)
    DCI_IRQHandler                           0x0800029f   Thumb Code     0  startup_gd32f450_470.o(.text)
    DMA0_Channel0_IRQHandler                 0x0800029f   Thumb Code     0  startup_gd32f450_470.o(.text)
    DMA0_Channel1_IRQHandler                 0x0800029f   Thumb Code     0  startup_gd32f450_470.o(.text)
    DMA0_Channel2_IRQHandler                 0x0800029f   Thumb Code     0  startup_gd32f450_470.o(.text)
    DMA0_Channel3_IRQHandler                 0x0800029f   Thumb Code     0  startup_gd32f450_470.o(.text)
    DMA0_Channel4_IRQHandler                 0x0800029f   Thumb Code     0  startup_gd32f450_470.o(.text)
    DMA0_Channel5_IRQHandler                 0x0800029f   Thumb Code     0  startup_gd32f450_470.o(.text)
    DMA0_Channel6_IRQHandler                 0x0800029f   Thumb Code     0  startup_gd32f450_470.o(.text)
    DMA0_Channel7_IRQHandler                 0x0800029f   Thumb Code     0  startup_gd32f450_470.o(.text)
    DMA1_Channel0_IRQHandler                 0x0800029f   Thumb Code     0  startup_gd32f450_470.o(.text)
    DMA1_Channel1_IRQHandler                 0x0800029f   Thumb Code     0  startup_gd32f450_470.o(.text)
    DMA1_Channel2_IRQHandler                 0x0800029f   Thumb Code     0  startup_gd32f450_470.o(.text)
    DMA1_Channel3_IRQHandler                 0x0800029f   Thumb Code     0  startup_gd32f450_470.o(.text)
    DMA1_Channel4_IRQHandler                 0x0800029f   Thumb Code     0  startup_gd32f450_470.o(.text)
    DMA1_Channel5_IRQHandler                 0x0800029f   Thumb Code     0  startup_gd32f450_470.o(.text)
    DMA1_Channel6_IRQHandler                 0x0800029f   Thumb Code     0  startup_gd32f450_470.o(.text)
    DMA1_Channel7_IRQHandler                 0x0800029f   Thumb Code     0  startup_gd32f450_470.o(.text)
    ENET_IRQHandler                          0x0800029f   Thumb Code     0  startup_gd32f450_470.o(.text)
    ENET_WKUP_IRQHandler                     0x0800029f   Thumb Code     0  startup_gd32f450_470.o(.text)
    EXMC_IRQHandler                          0x0800029f   Thumb Code     0  startup_gd32f450_470.o(.text)
    EXTI0_IRQHandler                         0x0800029f   Thumb Code     0  startup_gd32f450_470.o(.text)
    EXTI10_15_IRQHandler                     0x0800029f   Thumb Code     0  startup_gd32f450_470.o(.text)
    EXTI1_IRQHandler                         0x0800029f   Thumb Code     0  startup_gd32f450_470.o(.text)
    EXTI2_IRQHandler                         0x0800029f   Thumb Code     0  startup_gd32f450_470.o(.text)
    EXTI3_IRQHandler                         0x0800029f   Thumb Code     0  startup_gd32f450_470.o(.text)
    EXTI4_IRQHandler                         0x0800029f   Thumb Code     0  startup_gd32f450_470.o(.text)
    EXTI5_9_IRQHandler                       0x0800029f   Thumb Code     0  startup_gd32f450_470.o(.text)
    FMC_IRQHandler                           0x0800029f   Thumb Code     0  startup_gd32f450_470.o(.text)
    FPU_IRQHandler                           0x0800029f   Thumb Code     0  startup_gd32f450_470.o(.text)
    I2C0_ER_IRQHandler                       0x0800029f   Thumb Code     0  startup_gd32f450_470.o(.text)
    I2C0_EV_IRQHandler                       0x0800029f   Thumb Code     0  startup_gd32f450_470.o(.text)
    I2C1_ER_IRQHandler                       0x0800029f   Thumb Code     0  startup_gd32f450_470.o(.text)
    I2C1_EV_IRQHandler                       0x0800029f   Thumb Code     0  startup_gd32f450_470.o(.text)
    I2C2_ER_IRQHandler                       0x0800029f   Thumb Code     0  startup_gd32f450_470.o(.text)
    I2C2_EV_IRQHandler                       0x0800029f   Thumb Code     0  startup_gd32f450_470.o(.text)
    IPA_IRQHandler                           0x0800029f   Thumb Code     0  startup_gd32f450_470.o(.text)
    LVD_IRQHandler                           0x0800029f   Thumb Code     0  startup_gd32f450_470.o(.text)
    RCU_CTC_IRQHandler                       0x0800029f   Thumb Code     0  startup_gd32f450_470.o(.text)
    RTC_Alarm_IRQHandler                     0x0800029f   Thumb Code     0  startup_gd32f450_470.o(.text)
    RTC_WKUP_IRQHandler                      0x0800029f   Thumb Code     0  startup_gd32f450_470.o(.text)
    SDIO_IRQHandler                          0x0800029f   Thumb Code     0  startup_gd32f450_470.o(.text)
    SPI0_IRQHandler                          0x0800029f   Thumb Code     0  startup_gd32f450_470.o(.text)
    SPI1_IRQHandler                          0x0800029f   Thumb Code     0  startup_gd32f450_470.o(.text)
    SPI2_IRQHandler                          0x0800029f   Thumb Code     0  startup_gd32f450_470.o(.text)
    SPI3_IRQHandler                          0x0800029f   Thumb Code     0  startup_gd32f450_470.o(.text)
    SPI4_IRQHandler                          0x0800029f   Thumb Code     0  startup_gd32f450_470.o(.text)
    SPI5_IRQHandler                          0x0800029f   Thumb Code     0  startup_gd32f450_470.o(.text)
    TAMPER_STAMP_IRQHandler                  0x0800029f   Thumb Code     0  startup_gd32f450_470.o(.text)
    TIMER0_BRK_TIMER8_IRQHandler             0x0800029f   Thumb Code     0  startup_gd32f450_470.o(.text)
    TIMER0_Channel_IRQHandler                0x0800029f   Thumb Code     0  startup_gd32f450_470.o(.text)
    TIMER0_TRG_CMT_TIMER10_IRQHandler        0x0800029f   Thumb Code     0  startup_gd32f450_470.o(.text)
    TIMER0_UP_TIMER9_IRQHandler              0x0800029f   Thumb Code     0  startup_gd32f450_470.o(.text)
    TIMER1_IRQHandler                        0x0800029f   Thumb Code     0  startup_gd32f450_470.o(.text)
    TIMER2_IRQHandler                        0x0800029f   Thumb Code     0  startup_gd32f450_470.o(.text)
    TIMER3_IRQHandler                        0x0800029f   Thumb Code     0  startup_gd32f450_470.o(.text)
    TIMER4_IRQHandler                        0x0800029f   Thumb Code     0  startup_gd32f450_470.o(.text)
    TIMER5_DAC_IRQHandler                    0x0800029f   Thumb Code     0  startup_gd32f450_470.o(.text)
    TIMER6_IRQHandler                        0x0800029f   Thumb Code     0  startup_gd32f450_470.o(.text)
    TIMER7_BRK_TIMER11_IRQHandler            0x0800029f   Thumb Code     0  startup_gd32f450_470.o(.text)
    TIMER7_Channel_IRQHandler                0x0800029f   Thumb Code     0  startup_gd32f450_470.o(.text)
    TIMER7_TRG_CMT_TIMER13_IRQHandler        0x0800029f   Thumb Code     0  startup_gd32f450_470.o(.text)
    TIMER7_UP_TIMER12_IRQHandler             0x0800029f   Thumb Code     0  startup_gd32f450_470.o(.text)
    TLI_ER_IRQHandler                        0x0800029f   Thumb Code     0  startup_gd32f450_470.o(.text)
    TLI_IRQHandler                           0x0800029f   Thumb Code     0  startup_gd32f450_470.o(.text)
    TRNG_IRQHandler                          0x0800029f   Thumb Code     0  startup_gd32f450_470.o(.text)
    UART3_IRQHandler                         0x0800029f   Thumb Code     0  startup_gd32f450_470.o(.text)
    UART4_IRQHandler                         0x0800029f   Thumb Code     0  startup_gd32f450_470.o(.text)
    UART6_IRQHandler                         0x0800029f   Thumb Code     0  startup_gd32f450_470.o(.text)
    UART7_IRQHandler                         0x0800029f   Thumb Code     0  startup_gd32f450_470.o(.text)
    USART0_IRQHandler                        0x0800029f   Thumb Code     0  startup_gd32f450_470.o(.text)
    USART1_IRQHandler                        0x0800029f   Thumb Code     0  startup_gd32f450_470.o(.text)
    USART2_IRQHandler                        0x0800029f   Thumb Code     0  startup_gd32f450_470.o(.text)
    USART5_IRQHandler                        0x0800029f   Thumb Code     0  startup_gd32f450_470.o(.text)
    USBFS_IRQHandler                         0x0800029f   Thumb Code     0  startup_gd32f450_470.o(.text)
    USBFS_WKUP_IRQHandler                    0x0800029f   Thumb Code     0  startup_gd32f450_470.o(.text)
    USBHS_EP1_In_IRQHandler                  0x0800029f   Thumb Code     0  startup_gd32f450_470.o(.text)
    USBHS_EP1_Out_IRQHandler                 0x0800029f   Thumb Code     0  startup_gd32f450_470.o(.text)
    USBHS_IRQHandler                         0x0800029f   Thumb Code     0  startup_gd32f450_470.o(.text)
    USBHS_WKUP_IRQHandler                    0x0800029f   Thumb Code     0  startup_gd32f450_470.o(.text)
    WWDGT_IRQHandler                         0x0800029f   Thumb Code     0  startup_gd32f450_470.o(.text)
    __aeabi_memset                           0x080002a9   Thumb Code    14  memseta.o(.text)
    __aeabi_memset4                          0x080002a9   Thumb Code     0  memseta.o(.text)
    __aeabi_memset8                          0x080002a9   Thumb Code     0  memseta.o(.text)
    __aeabi_memclr                           0x080002b7   Thumb Code     4  memseta.o(.text)
    __aeabi_memclr4                          0x080002b7   Thumb Code     0  memseta.o(.text)
    __aeabi_memclr8                          0x080002b7   Thumb Code     0  memseta.o(.text)
    _memset$wrapper                          0x080002bb   Thumb Code    18  memseta.o(.text)
    __scatterload                            0x080002cd   Thumb Code    28  init.o(.text)
    __scatterload_rt2                        0x080002cd   Thumb Code     0  init.o(.text)
    BusFault_Handler                         0x080002f1   Thumb Code     4  gd32f4xx_it.o(i.BusFault_Handler)
    DebugMon_Handler                         0x080002f5   Thumb Code     4  gd32f4xx_it.o(i.DebugMon_Handler)
    Debug_Task                               0x080002f9   Thumb Code    18  main.o(i.Debug_Task)
    Drv_usart0_SendByte                      0x08000321   Thumb Code    28  usart.o(i.Drv_usart0_SendByte)
    HardFault_Handler                        0x08000341   Thumb Code     4  gd32f4xx_it.o(i.HardFault_Handler)
    MemManage_Handler                        0x08000345   Thumb Code     4  gd32f4xx_it.o(i.MemManage_Handler)
    NMI_Handler                              0x08000349   Thumb Code     4  gd32f4xx_it.o(i.NMI_Handler)
    RTOS_Init                                0x0800034d   Thumb Code    36  main.o(i.RTOS_Init)
    SysTick_Handler                          0x08000385   Thumb Code     8  gd32f4xx_it.o(i.SysTick_Handler)
    SystemInit                               0x0800038d   Thumb Code   194  system_gd32f4xx.o(i.SystemInit)
    System_Init                              0x08000461   Thumb Code     8  main.o(i.System_Init)
    UsageFault_Handler                       0x08000469   Thumb Code     4  gd32f4xx_it.o(i.UsageFault_Handler)
    Usart_Init                               0x0800046d   Thumb Code    12  usart.o(i.Usart_Init)
    __0printf$bare                           0x08000479   Thumb Code     8  printfb.o(i.__0printf$bare)
    __1printf$bare                           0x08000479   Thumb Code     0  printfb.o(i.__0printf$bare)
    __2printf                                0x08000479   Thumb Code     0  printfb.o(i.__0printf$bare)
    __scatterload_copy                       0x08000489   Thumb Code    14  handlers.o(i.__scatterload_copy)
    __scatterload_null                       0x08000497   Thumb Code     2  handlers.o(i.__scatterload_null)
    __scatterload_zeroinit                   0x08000499   Thumb Code    14  handlers.o(i.__scatterload_zeroinit)
    fputc                                    0x080004c9   Thumb Code    26  usart.o(i.fputc)
    gpio_af_set                              0x080004e3   Thumb Code    94  gd32f4xx_gpio.o(i.gpio_af_set)
    gpio_mode_set                            0x08000541   Thumb Code    78  gd32f4xx_gpio.o(i.gpio_mode_set)
    gpio_output_options_set                  0x0800058f   Thumb Code    66  gd32f4xx_gpio.o(i.gpio_output_options_set)
    main                                     0x080005d1   Thumb Code    14  main.o(i.main)
    pvPortMalloc                             0x08000ae1   Thumb Code   234  heap_4.o(i.pvPortMalloc)
    pxPortInitialiseStack                    0x08000be1   Thumb Code    38  port.o(i.pxPortInitialiseStack)
    rcu_clock_freq_get                       0x08000c0d   Thumb Code   264  gd32f4xx_rcu.o(i.rcu_clock_freq_get)
    rcu_periph_clock_enable                  0x08000d31   Thumb Code    32  gd32f4xx_rcu.o(i.rcu_periph_clock_enable)
    rcu_periph_reset_disable                 0x08000d55   Thumb Code    32  gd32f4xx_rcu.o(i.rcu_periph_reset_disable)
    rcu_periph_reset_enable                  0x08000d79   Thumb Code    32  gd32f4xx_rcu.o(i.rcu_periph_reset_enable)
    usart_baudrate_set                       0x08000ead   Thumb Code   224  gd32f4xx_usart.o(i.usart_baudrate_set)
    usart_data_transmit                      0x08000fc5   Thumb Code     8  gd32f4xx_usart.o(i.usart_data_transmit)
    usart_deinit                             0x08000fcd   Thumb Code   210  gd32f4xx_usart.o(i.usart_deinit)
    usart_enable                             0x080010a9   Thumb Code    10  gd32f4xx_usart.o(i.usart_enable)
    usart_flag_get                           0x080010b3   Thumb Code    30  gd32f4xx_usart.o(i.usart_flag_get)
    usart_receive_config                     0x08001121   Thumb Code    16  gd32f4xx_usart.o(i.usart_receive_config)
    usart_transmit_config                    0x08001131   Thumb Code    16  gd32f4xx_usart.o(i.usart_transmit_config)
    uxListRemove                             0x08001141   Thumb Code    40  list.o(i.uxListRemove)
    vListInitialise                          0x08001169   Thumb Code    26  list.o(i.vListInitialise)
    vListInitialiseItem                      0x08001183   Thumb Code     6  list.o(i.vListInitialiseItem)
    vListInsert                              0x08001189   Thumb Code    52  list.o(i.vListInsert)
    vPortEnterCritical                       0x080011bd   Thumb Code    30  port.o(i.vPortEnterCritical)
    vPortExitCritical                        0x080011e1   Thumb Code    28  port.o(i.vPortExitCritical)
    vPortFree                                0x08001201   Thumb Code    68  heap_4.o(i.vPortFree)
    vPortSetupTimerInterrupt                 0x0800124d   Thumb Code    36  port.o(i.vPortSetupTimerInterrupt)
    vTaskDelay                               0x08001275   Thumb Code    46  tasks.o(i.vTaskDelay)
    vTaskStartScheduler                      0x080012a9   Thumb Code    60  tasks.o(i.vTaskStartScheduler)
    vTaskSuspendAll                          0x080012f5   Thumb Code    12  tasks.o(i.vTaskSuspendAll)
    vTaskSwitchContext                       0x08001305   Thumb Code    84  tasks.o(i.vTaskSwitchContext)
    xPortStartScheduler                      0x0800136d   Thumb Code    58  port.o(i.xPortStartScheduler)
    xPortSysTickHandler                      0x080013b5   Thumb Code    46  port.o(i.xPortSysTickHandler)
    xTaskCreate                              0x080013e9   Thumb Code    56  tasks.o(i.xTaskCreate)
    xTaskIncrementTick                       0x08001421   Thumb Code   372  tasks.o(i.xTaskIncrementTick)
    xTaskResumeAll                           0x080015c1   Thumb Code   344  tasks.o(i.xTaskResumeAll)
    Region$$Table$$Base                      0x0800173c   Number         0  anon$$obj.o(Region$$Table)
    Region$$Table$$Limit                     0x0800175c   Number         0  anon$$obj.o(Region$$Table)
    Debug_Task_Handler                       0x20000000   Data           4  main.o(.data)
    SystemCoreClock                          0x20000004   Data           4  system_gd32f4xx.o(.data)
    pxCurrentTCB                             0x20000008   Data           4  tasks.o(.data)
    __stdout                                 0x20000068   Data           4  stdout.o(.data)
    __initial_sp                             0x20006538   Data           0  startup_gd32f450_470.o(STACK)



==============================================================================

Memory Map of the image

  Image Entry point : 0x080001ad

  Load Region LR_IROM1 (Base: 0x08000000, Size: 0x000017c8, Max: 0x00200000, ABSOLUTE)

    Execution Region ER_IROM1 (Exec base: 0x08000000, Load base: 0x08000000, Size: 0x0000175c, Max: 0x00200000, ABSOLUTE)

    Exec Addr    Load Addr    Size         Type   Attr      Idx    E Section Name        Object

    0x08000000   0x08000000   0x000001ac   Data   RO          406    RESET               startup_gd32f450_470.o
    0x080001ac   0x080001ac   0x00000000   Code   RO         6805  * .ARM.Collect$$$$00000000  mc_w.l(entry.o)
    0x080001ac   0x080001ac   0x00000004   Code   RO         7074    .ARM.Collect$$$$00000001  mc_w.l(entry2.o)
    0x080001b0   0x080001b0   0x00000004   Code   RO         7077    .ARM.Collect$$$$00000004  mc_w.l(entry5.o)
    0x080001b4   0x080001b4   0x00000000   Code   RO         7079    .ARM.Collect$$$$00000008  mc_w.l(entry7b.o)
    0x080001b4   0x080001b4   0x00000000   Code   RO         7081    .ARM.Collect$$$$0000000A  mc_w.l(entry8b.o)
    0x080001b4   0x080001b4   0x00000008   Code   RO         7082    .ARM.Collect$$$$0000000B  mc_w.l(entry9a.o)
    0x080001bc   0x080001bc   0x00000004   Code   RO         7089    .ARM.Collect$$$$0000000E  mc_w.l(entry12b.o)
    0x080001c0   0x080001c0   0x00000000   Code   RO         7084    .ARM.Collect$$$$0000000F  mc_w.l(entry10a.o)
    0x080001c0   0x080001c0   0x00000000   Code   RO         7086    .ARM.Collect$$$$00000011  mc_w.l(entry11a.o)
    0x080001c0   0x080001c0   0x00000004   Code   RO         7075    .ARM.Collect$$$$00002712  mc_w.l(entry2.o)
    0x080001c4   0x080001c4   0x000000be   Code   RO         6667    .emb_text           port.o
    0x08000282   0x08000282   0x00000002   PAD
    0x08000284   0x08000284   0x00000024   Code   RO          407    .text               startup_gd32f450_470.o
    0x080002a8   0x080002a8   0x00000024   Code   RO         6810    .text               mc_w.l(memseta.o)
    0x080002cc   0x080002cc   0x00000024   Code   RO         7106    .text               mc_w.l(init.o)
    0x080002f0   0x080002f0   0x00000004   Code   RO          305    i.BusFault_Handler  gd32f4xx_it.o
    0x080002f4   0x080002f4   0x00000004   Code   RO          306    i.DebugMon_Handler  gd32f4xx_it.o
    0x080002f8   0x080002f8   0x00000028   Code   RO          171    i.Debug_Task        main.o
    0x08000320   0x08000320   0x00000020   Code   RO            3    i.Drv_usart0_SendByte  usart.o
    0x08000340   0x08000340   0x00000004   Code   RO          307    i.HardFault_Handler  gd32f4xx_it.o
    0x08000344   0x08000344   0x00000004   Code   RO          308    i.MemManage_Handler  gd32f4xx_it.o
    0x08000348   0x08000348   0x00000004   Code   RO          309    i.NMI_Handler       gd32f4xx_it.o
    0x0800034c   0x0800034c   0x00000038   Code   RO          172    i.RTOS_Init         main.o
    0x08000384   0x08000384   0x00000008   Code   RO          310    i.SysTick_Handler   gd32f4xx_it.o
    0x0800038c   0x0800038c   0x000000d4   Code   RO          365    i.SystemInit        system_gd32f4xx.o
    0x08000460   0x08000460   0x00000008   Code   RO          173    i.System_Init       main.o
    0x08000468   0x08000468   0x00000004   Code   RO          311    i.UsageFault_Handler  gd32f4xx_it.o
    0x0800046c   0x0800046c   0x0000000c   Code   RO            4    i.Usart_Init        usart.o
    0x08000478   0x08000478   0x00000010   Code   RO         6815    i.__0printf$bare    mc_w.l(printfb.o)
    0x08000488   0x08000488   0x0000000e   Code   RO         7118    i.__scatterload_copy  mc_w.l(handlers.o)
    0x08000496   0x08000496   0x00000002   Code   RO         7119    i.__scatterload_null  mc_w.l(handlers.o)
    0x08000498   0x08000498   0x0000000e   Code   RO         7120    i.__scatterload_zeroinit  mc_w.l(handlers.o)
    0x080004a6   0x080004a6   0x00000022   Code   RO         6822    i._printf_core      mc_w.l(printfb.o)
    0x080004c8   0x080004c8   0x0000001a   Code   RO            5    i.fputc             usart.o
    0x080004e2   0x080004e2   0x0000005e   Code   RO         2872    i.gpio_af_set       gd32f4xx_gpio.o
    0x08000540   0x08000540   0x0000004e   Code   RO         2880    i.gpio_mode_set     gd32f4xx_gpio.o
    0x0800058e   0x0800058e   0x00000042   Code   RO         2882    i.gpio_output_options_set  gd32f4xx_gpio.o
    0x080005d0   0x080005d0   0x0000000e   Code   RO          174    i.main              main.o
    0x080005de   0x080005de   0x00000002   PAD
    0x080005e0   0x080005e0   0x000000cc   Code   RO         6339    i.prvAddCurrentTaskToDelayedList  tasks.o
    0x080006ac   0x080006ac   0x000000f0   Code   RO         6340    i.prvAddNewTaskToReadyList  tasks.o
    0x0800079c   0x0800079c   0x00000048   Code   RO         6341    i.prvCheckTasksWaitingTermination  tasks.o
    0x080007e4   0x080007e4   0x00000068   Code   RO         6342    i.prvCreateIdleTasks  tasks.o
    0x0800084c   0x0800084c   0x0000005a   Code   RO         6343    i.prvCreateTask     tasks.o
    0x080008a6   0x080008a6   0x00000012   Code   RO         6344    i.prvDeleteTCB      tasks.o
    0x080008b8   0x080008b8   0x0000006c   Code   RO         6738    i.prvHeapInit       heap_4.o
    0x08000924   0x08000924   0x00000028   Code   RO         6345    i.prvIdleTask       tasks.o
    0x0800094c   0x0800094c   0x0000007a   Code   RO         6346    i.prvInitialiseNewTask  tasks.o
    0x080009c6   0x080009c6   0x00000002   PAD
    0x080009c8   0x080009c8   0x00000068   Code   RO         6347    i.prvInitialiseTaskLists  tasks.o
    0x08000a30   0x08000a30   0x00000068   Code   RO         6739    i.prvInsertBlockIntoFreeList  heap_4.o
    0x08000a98   0x08000a98   0x00000030   Code   RO         6348    i.prvResetNextTaskUnblockTime  tasks.o
    0x08000ac8   0x08000ac8   0x00000016   Code   RO         6668    i.prvTaskExitError  port.o
    0x08000ade   0x08000ade   0x00000002   PAD
    0x08000ae0   0x08000ae0   0x00000100   Code   RO         6741    i.pvPortMalloc      heap_4.o
    0x08000be0   0x08000be0   0x0000002c   Code   RO         6669    i.pxPortInitialiseStack  port.o
    0x08000c0c   0x08000c0c   0x00000124   Code   RO         3650    i.rcu_clock_freq_get  gd32f4xx_rcu.o
    0x08000d30   0x08000d30   0x00000024   Code   RO         3669    i.rcu_periph_clock_enable  gd32f4xx_rcu.o
    0x08000d54   0x08000d54   0x00000024   Code   RO         3672    i.rcu_periph_reset_disable  gd32f4xx_rcu.o
    0x08000d78   0x08000d78   0x00000024   Code   RO         3673    i.rcu_periph_reset_enable  gd32f4xx_rcu.o
    0x08000d9c   0x08000d9c   0x00000108   Code   RO          366    i.system_clock_240m_8m_hxtal  system_gd32f4xx.o
    0x08000ea4   0x08000ea4   0x00000008   Code   RO          367    i.system_clock_config  system_gd32f4xx.o
    0x08000eac   0x08000eac   0x000000e8   Code   RO         5494    i.usart_baudrate_set  gd32f4xx_usart.o
    0x08000f94   0x08000f94   0x00000030   Code   RO            6    i.usart_config      usart.o
    0x08000fc4   0x08000fc4   0x00000008   Code   RO         5499    i.usart_data_transmit  gd32f4xx_usart.o
    0x08000fcc   0x08000fcc   0x000000dc   Code   RO         5500    i.usart_deinit      gd32f4xx_usart.o
    0x080010a8   0x080010a8   0x0000000a   Code   RO         5504    i.usart_enable      gd32f4xx_usart.o
    0x080010b2   0x080010b2   0x0000001e   Code   RO         5506    i.usart_flag_get    gd32f4xx_usart.o
    0x080010d0   0x080010d0   0x00000050   Code   RO            7    i.usart_gpio_init   usart.o
    0x08001120   0x08001120   0x00000010   Code   RO         5531    i.usart_receive_config  gd32f4xx_usart.o
    0x08001130   0x08001130   0x00000010   Code   RO         5546    i.usart_transmit_config  gd32f4xx_usart.o
    0x08001140   0x08001140   0x00000028   Code   RO         5996    i.uxListRemove      list.o
    0x08001168   0x08001168   0x0000001a   Code   RO         5997    i.vListInitialise   list.o
    0x08001182   0x08001182   0x00000006   Code   RO         5998    i.vListInitialiseItem  list.o
    0x08001188   0x08001188   0x00000034   Code   RO         5999    i.vListInsert       list.o
    0x080011bc   0x080011bc   0x00000024   Code   RO         6671    i.vPortEnterCritical  port.o
    0x080011e0   0x080011e0   0x00000020   Code   RO         6672    i.vPortExitCritical  port.o
    0x08001200   0x08001200   0x0000004c   Code   RO         6742    i.vPortFree         heap_4.o
    0x0800124c   0x0800124c   0x00000028   Code   RO         6673    i.vPortSetupTimerInterrupt  port.o
    0x08001274   0x08001274   0x00000034   Code   RO         6356    i.vTaskDelay        tasks.o
    0x080012a8   0x080012a8   0x0000004c   Code   RO         6369    i.vTaskStartScheduler  tasks.o
    0x080012f4   0x080012f4   0x00000010   Code   RO         6371    i.vTaskSuspendAll   tasks.o
    0x08001304   0x08001304   0x00000068   Code   RO         6372    i.vTaskSwitchContext  tasks.o
    0x0800136c   0x0800136c   0x00000048   Code   RO         6674    i.xPortStartScheduler  port.o
    0x080013b4   0x080013b4   0x00000034   Code   RO         6675    i.xPortSysTickHandler  port.o
    0x080013e8   0x080013e8   0x00000038   Code   RO         6375    i.xTaskCreate       tasks.o
    0x08001420   0x08001420   0x000001a0   Code   RO         6385    i.xTaskIncrementTick  tasks.o
    0x080015c0   0x080015c0   0x0000017c   Code   RO         6387    i.xTaskResumeAll    tasks.o
    0x0800173c   0x0800173c   0x00000020   Data   RO         7116    Region$$Table       anon$$obj.o


    Execution Region RW_IRAM1 (Exec base: 0x20000000, Load base: 0x0800175c, Size: 0x00006538, Max: 0x000b0000, ABSOLUTE)

    Exec Addr    Load Addr    Size         Type   Attr      Idx    E Section Name        Object

    0x20000000   0x0800175c   0x00000004   Data   RW          175    .data               main.o
    0x20000004   0x08001760   0x00000004   Data   RW          368    .data               system_gd32f4xx.o
    0x20000008   0x08001764   0x00000040   Data   RW         6390    .data               tasks.o
    0x20000048   0x080017a4   0x00000004   Data   RW         6676    .data               port.o
    0x2000004c   0x080017a8   0x0000001c   Data   RW         6749    .data               heap_4.o
    0x20000068   0x080017c4   0x00000004   Data   RW         7090    .data               mc_w.l(stdout.o)
    0x2000006c        -       0x000000c8   Zero   RW         6389    .bss                tasks.o
    0x20000134        -       0x00004400   Zero   RW         6748    .bss                heap_4.o
    0x20004534   0x080017c8   0x00000004   PAD
    0x20004538        -       0x00002000   Zero   RW          404    STACK               startup_gd32f450_470.o


==============================================================================

Image component sizes


      Code (inc. data)   RO Data    RW Data    ZI Data      Debug   Object Name

       238          0          0          0          0       2228   gd32f4xx_gpio.o
        32          0          0          0          0       3047   gd32f4xx_it.o
       400         40          0          0          0       3256   gd32f4xx_rcu.o
       532         18          0          0          0       4261   gd32f4xx_usart.o
       544         58          0         28      17408       4915   heap_4.o
       124          0          0          0          0       2705   list.o
       118         42          0          4          0      18215   main.o
       488         56          0          4          0       9672   port.o
        36          8        428          0       8192        844   startup_gd32f450_470.o
       484         32          0          4          0       2723   system_gd32f4xx.o
      2142        264          0         64        200      29065   tasks.o
       198         16          0          0          0      46559   usart.o

    ----------------------------------------------------------------------
      5344        534        460        104      25804     127490   Object Totals
         0          0         32          0          0          0   (incl. Generated)
         8          0          0          0          4          0   (incl. Padding)

    ----------------------------------------------------------------------

      Code (inc. data)   RO Data    RW Data    ZI Data      Debug   Library Member Name

         0          0          0          0          0          0   entry.o
         0          0          0          0          0          0   entry10a.o
         0          0          0          0          0          0   entry11a.o
         4          0          0          0          0          0   entry12b.o
         8          4          0          0          0          0   entry2.o
         4          0          0          0          0          0   entry5.o
         0          0          0          0          0          0   entry7b.o
         0          0          0          0          0          0   entry8b.o
         8          4          0          0          0          0   entry9a.o
        30          0          0          0          0          0   handlers.o
        36          8          0          0          0         68   init.o
        36          0          0          0          0        108   memseta.o
        50          8          0          0          0        152   printfb.o
         0          0          0          4          0          0   stdout.o

    ----------------------------------------------------------------------
       176         24          0          4          0        328   Library Totals
         0          0          0          0          0          0   (incl. Padding)

    ----------------------------------------------------------------------

      Code (inc. data)   RO Data    RW Data    ZI Data      Debug   Library Name

       176         24          0          4          0        328   mc_w.l

    ----------------------------------------------------------------------
       176         24          0          4          0        328   Library Totals

    ----------------------------------------------------------------------

==============================================================================


      Code (inc. data)   RO Data    RW Data    ZI Data      Debug   

      5520        558        460        108      25804     121870   Grand Totals
      5520        558        460        108      25804     121870   ELF Image Totals
      5520        558        460        108          0          0   ROM Totals

==============================================================================

    Total RO  Size (Code + RO Data)                 5980 (   5.84kB)
    Total RW  Size (RW Data + ZI Data)             25912 (  25.30kB)
    Total ROM Size (Code + RO Data + RW Data)       6088 (   5.95kB)

==============================================================================

